Running simulator smoke test with isolated fs_: /var/folders/h9/qcmb2q1n1tv0vgdr93b298680000gn/T/crossink-sim-smoke-8v3gfyga/fs_
[0] [INF] [BOOT] Reset diagnostic: reset=0(UNKNOWN) sleepWake=0(UNDEFINED)
[0] [INF] [MAIN] Hardware detect: X4
[0] [INF] [BOOT] Post-GPIO diagnostic: device=X4 usb=1 silentReboot=0 silentTarget=0
[0] [INF] [BOOT] Wake route: Other
[0] [INF] [BOOT] Other wake route: continuing boot
SIMRESOURCE mode=off calibrated=0 internal=1048576/1048576 largest=1048576 psram=0/0 largest=0
[0] [DBG] [BOOTMEM] storage ready: free=1048576 maxAlloc=1048576
[SIM] open failed: ./fs_/.crosspoint/dictionary.bin (flags=0x0 errno=2 No such file or directory)
[0] [DBG] [UI] Using Lyra theme
[0] [DBG] [BOOTMEM] boot state ready: free=1048576 maxAlloc=1048576
[0] [DBG] [MAIN] Starting CrossInk version 1.6.0
[0] [INF] [MEM] Boot: heap free=1048576 total=1048576 min=1048576 maxAlloc=1048576
[0] [DBG] [ACT] Render task started with 16384-byte stack
[0] [DBG] [SDFS] SD font resolver ready; discovery deferred until requested
[0] [DBG] [BOOTMEM] display and selected fonts ready: free=1048576 maxAlloc=1048576
[0] [DBG] [ACT] Entering activity: Boot
[SIM] open failed: ./fs_/.bootscreen (flags=0x0 errno=2 No such file or directory)
[SIM] open failed: ./fs_/bootscreen (flags=0x0 errno=2 No such file or directory)
[2] [DBG] [ACT] Exiting activity: Boot
[2] [DBG] [ACT] Entering activity: Home
[SIM] open failed: ./fs_/.crosspoint/global_stats.bin (flags=0x0 errno=2 No such file or directory)
[SIM] open failed: ./fs_/.crosspoint/global_stats.bin.bak (flags=0x0 errno=2 No such file or directory)
[2] [DBG] [GSTATS] Global stats missing or corrupt, starting fresh
[SIM] open failed: ./fs_/.crosspoint/synced_stats (flags=0x0 errno=2 No such file or directory)
[2] [INF] [SMOKE] Starting simulator smoke test
[3] [DBG] [CPS] Settings loaded from file
[3] [DBG] [CPS] Settings loaded from file
[3] [DBG] [CPS] Settings loaded from file
[3] [DBG] [CPS] Settings loaded from file
[3] [DBG] [CPS] Settings loaded from file
[3] [DBG] [CPS] Settings loaded from file
[4] [DBG] [CPS] Settings loaded from file
[4] [DBG] [CPS] Settings loaded from file
[4] [DBG] [CPS] Settings loaded from file
[4] [DBG] [CPS] Settings loaded from file
[5] [DBG] [CPS] Settings loaded from file
[5] [DBG] [CPS] Settings loaded from file
[6] [DBG] [CPS] Settings loaded from file
[6] [DBG] [CPS] Settings loaded from file
[6] [DBG] [CPS] Settings loaded from file
[6] [DBG] [CPS] Settings loaded from file
[7] [DBG] [CPS] Settings loaded from file
[7] [DBG] [UI] Using Lyra theme
[7] [INF] [SMOKE] Using theme index 1
[24] [DBG] [ACT] Exiting activity: Home
[24] [DBG] [ACT] Entering activity: Home
[SIM] open failed: ./fs_/.crosspoint/global_stats.bin (flags=0x0 errno=2 No such file or directory)
[SIM] open failed: ./fs_/.crosspoint/global_stats.bin.bak (flags=0x0 errno=2 No such file or directory)
[24] [DBG] [GSTATS] Global stats missing or corrupt, starting fresh
[SIM] open failed: ./fs_/.crosspoint/synced_stats (flags=0x0 errno=2 No such file or directory)
[58] [INF] [SMOKE] Rendering Home
[90] [DBG] [ACT] Exiting activity: Home
[90] [DBG] [ACT] Entering activity: Tools
[121] [INF] [SMOKE] Rendering Tools
[154] [DBG] [ACT] Exiting activity: Tools
[154] [DBG] [ACT] Entering activity: DailyCommandCenter
[186] [INF] [SMOKE] Rendering Tools: Today
[219] [DBG] [ACT] Exiting activity: DailyCommandCenter
[219] [DBG] [ACT] Entering activity: Pomodoro
[249] [INF] [SMOKE] Rendering Tools: Pomodoro
[285] [DBG] [ACT] Exiting activity: Pomodoro
[285] [DBG] [ACT] Entering activity: WorldClock
[316] [INF] [SMOKE] Rendering Tools: World Clock
[345] [DBG] [ACT] Exiting activity: WorldClock
[345] [DBG] [ACT] Entering activity: HabitTracker
[376] [INF] [SMOKE] Rendering Tools: Habits
[413] [DBG] [ACT] Exiting activity: HabitTracker
[413] [DBG] [ACT] Entering activity: DailyQuote
[442] [INF] [SMOKE] Rendering Tools: Daily Quote
[482] [DBG] [ACT] Exiting activity: DailyQuote
[482] [DBG] [ACT] Entering activity: Knowledge
[511] [INF] [SMOKE] Rendering Tools: Knowledge Card
[547] [DBG] [ACT] Exiting activity: Knowledge
[547] [DBG] [ACT] Entering activity: Flashcards
[581] [INF] [SMOKE] Rendering Tools: Flashcards
[618] [DBG] [ACT] Exiting activity: Flashcards
[618] [DBG] [ACT] Entering activity: Panchanga
[653] [INF] [SMOKE] Rendering Tools: Panchanga
[689] [DBG] [ACT] Exiting activity: Panchanga
[690] [DBG] [ACT] Entering activity: FileBrowser
[722] [INF] [SMOKE] Rendering File Browser
[755] [DBG] [ACT] Exiting activity: FileBrowser
[755] [DBG] [ACT] Entering activity: RecentBooks
[786] [INF] [SMOKE] Rendering Recent Books
[817] [DBG] [ACT] Exiting activity: RecentBooks
[817] [DBG] [ACT] Entering activity: Settings
[SIM] open failed: ./fs_/.dictionaries (flags=0x0 errno=2 No such file or directory)
[SIM] open failed: ./fs_/dictionaries (flags=0x0 errno=2 No such file or directory)
[817] [DBG] [DREG] No dictionary directory found on SD card
[846] [INF] [SMOKE] Rendering Settings
[876] [DBG] [ACT] Exiting activity: Settings
[876] [DBG] [UI] Using Lyra theme
[876] [DBG] [ACT] Entering activity: ReaderOptions
[SIM] open failed: ./fs_/.dictionaries (flags=0x0 errno=2 No such file or directory)
[SIM] open failed: ./fs_/dictionaries (flags=0x0 errno=2 No such file or directory)
[877] [DBG] [DREG] No dictionary directory found on SD card
[907] [INF] [SMOKE] Rendering Reader Options
[941] [DBG] [ACT] Exiting activity: ReaderOptions
[941] [DBG] [ACT] Entering activity: EpubReaderMenu
[968] [INF] [SMOKE] Rendering Reader Menu
[987] [DBG] [ACT] Exiting activity: EpubReaderMenu
[987] [DBG] [ACT] Entering activity: Sleep
[1032] [INF] [SMOKE] Rendering Sleep
[1059] [DBG] [ACT] Exiting activity: Sleep
[1059] [DBG] [ACT] Entering activity: Reader
[SIM] open failed: ./fs_/.crosspoint/epub_17960652168525209474/reader_settings.bin (flags=0x0 errno=2 No such file or directory)
[SIM] open failed: ./fs_/.crosspoint/epub_17960652168525209474/book.bin (flags=0x0 errno=2 No such file or directory)
[1062] [DBG] [EBP] Cache not found, building spine/TOC cache
[1062] [DBG] [ZIP] Stream META-INF/container.xml: ok=1 lookup=36us read/inflate=13us write=46us bytes=252
[1063] [DBG] [COF] Using chunked manifest index for 8 items in 1 chunks (arena high-water=3856 bytes)
[1063] [DBG] [ZIP] Stream OEBPS/content.opf: ok=1 lookup=82us read/inflate=14us write=783us bytes=1301
[1064] [DBG] [ZIP] Stream OEBPS/nav.xhtml: ok=1 lookup=46us read/inflate=14us write=71us bytes=765
[1064] [DBG] [EBP] Total indexing completed in 2 ms
[1065] [DBG] [ZIP] Stream OEBPS/styles/test.css: ok=1 lookup=71us read/inflate=14us write=18us bytes=1219
[1067] [DBG] [EBP] Loaded 23 complete CSS style rules from 1/1 files
[1068] [DBG] [ACT] Exiting activity: Reader
[1068] [DBG] [ACT] Entering activity: EpubReader
[1068] [INF] [EPS] reader enter: internal free=1048576 max=1048576; psram free=0 max=0 total=0
[SIM] open failed: ./fs_/.crosspoint/epub_17960652168525209474/stats_v5.bin (flags=0x0 errno=2 No such file or directory)
[SIM] open failed: ./fs_/.crosspoint/epub_17960652168525209474/stats_v4.bin (flags=0x0 errno=2 No such file or directory)
[SIM] open failed: ./fs_/.crosspoint/epub_17960652168525209474/stats.bin (flags=0x0 errno=2 No such file or directory)
[1068] [DBG] [ERS] Reading stats loaded: totalReadingSeconds=0 totalPagesTurned=0 avg=0 samples=0 cumulativeAvg=0
[SIM] open failed: ./fs_/.crosspoint/global_stats.bin (flags=0x0 errno=2 No such file or directory)
[SIM] open failed: ./fs_/.crosspoint/global_stats.bin.bak (flags=0x0 errno=2 No such file or directory)
[1068] [DBG] [GSTATS] Global stats missing or corrupt, starting fresh
[1068] [DBG] [ERS] Loading file: OEBPS/chapter1.xhtml, index: 0 (free=1048576, maxAlloc=1048576)
[SIM] open failed: ./fs_/.crosspoint/epub_17960652168525209474/sections/0.bin (flags=0x0 errno=2 No such file or directory)
[1068] [DBG] [ERS] Cache not found, building... (free=1048576, maxAlloc=1048576)
[1071] [DBG] [SCT] Create section start: spine=0 mode=0 preview=0 viewport=464x761 image=0 focus=0 guide=0 free=1048576 maxAlloc=1048576
[1071] [INF] [EPS] section build start: internal free=1048576 max=1048576; psram free=0 max=0 total=0
[1071] [DBG] [ZIP] Stream OEBPS/chapter1.xhtml: ok=1 lookup=64us read/inflate=18us write=29us bytes=1330
[1072] [DBG] [CSS] Rule arena: bytes=3784 pool=internal psramReserve=131072; hydrated
[1072] [DBG] [CSS] Loaded 23 indexed rules + 0 descendant rules from complete cache
[1072] [DBG] [SCT] CSS cache load: ok=1 partial=0 rules=23 free=1048576->1048576 delta=0 maxAlloc=1048576->1048576 delta=0
[1074] [DBG] [EHP] Time to parse and build pages: 2 ms (free=1048576, maxAlloc=1048576)
[1075] [DBG] [SCT] Parser done: spine=0 success=1 pages=2 free=1048576 maxAlloc=1048576
[1076] [DBG] [ERS] primary section cache built: spine=0 font=-1806001351 mode=0 embedded=1 focus=0 guide=0 pages=2 free=1048576 maxAlloc=1048576 building=0
[1076] [DBG] [ERS] Cache build complete: pages=2 font=-1806001351 mode=0 free=1048576 maxAlloc=1048576
[1076] [DBG] [FDC] Prewarm: 11 glyphs in 847 bytes from 1 groups (0 missed)
[1077] [DBG] [FDC] Prewarm: 45 glyphs in 3241 bytes from 2 groups (0 missed)
[1080] [INF] [EPS] Grayscale strip scratch: bytes=8000 pool=default
[SIM] open failed: ./fs_/.crosspoint/epub_17960652168525209474/sections/1.bin (flags=0x0 errno=2 No such file or directory)
[1090] [DBG] [ERS] Silently indexing next chapter: 1 (free=1048576, maxAlloc=1048576)
[1090] [DBG] [SCT] Create section start: spine=1 mode=0 preview=0 viewport=464x761 image=0 focus=0 guide=0 free=1048576 maxAlloc=1048576
[1090] [INF] [EPS] section build start: internal free=1048576 max=1048576; psram free=0 max=0 total=0
[1090] [DBG] [ZIP] Stream OEBPS/chapter2.xhtml: ok=1 lookup=71us read/inflate=24us write=22us bytes=2724
[1091] [DBG] [CSS] Rule arena: bytes=3784 pool=internal psramReserve=131072; hydrated
[1091] [DBG] [CSS] Loaded 23 indexed rules + 0 descendant rules from complete cache
[1091] [DBG] [SCT] CSS cache load: ok=1 partial=0 rules=23 free=1048576->1048576 delta=0 maxAlloc=1048576->1048576 delta=0
[1096] [DBG] [EHP] Time to parse and build pages: 5 ms (free=1048576, maxAlloc=1048576)
[1097] [DBG] [SCT] Parser done: spine=1 success=1 pages=4 free=1048576 maxAlloc=1048576
[1098] [DBG] [ERS] Silent indexing complete: chapter=1 pages=4 mode=0 free=1048576 maxAlloc=1048576
[1098] [DBG] [FDC] Prewarm: 11 glyphs in 847 bytes from 1 groups (0 missed)
[1099] [DBG] [FDC] Prewarm: 45 glyphs in 3241 bytes from 2 groups (0 missed)
[1171] [INF] [SMOKE] Rendering Reader
[1171] [DBG] [FDC] Prewarm: 11 glyphs in 847 bytes from 1 groups (0 missed)
[1172] [DBG] [FDC] Prewarm: 45 glyphs in 3241 bytes from 2 groups (0 missed)
[1175] [INF] [EPS] Grayscale strip scratch: bytes=8000 pool=default
[1202] [INF] [SMOKE] Running reader input script with 2 page turn(s)
[1244] [DBG] [FDC] Prewarm: 34 glyphs in 2295 bytes from 2 groups (0 missed)
[1303] [INF] [SMOKE] Rendering Reader after page forward
[1304] [DBG] [FDC] Prewarm: 34 glyphs in 2295 bytes from 2 groups (0 missed)
[1418] [INF] [SMOKE] Rendering Reader after page forward
[1419] [DBG] [FDC] Prewarm: 34 glyphs in 2295 bytes from 2 groups (0 missed)
[1452] [DBG] [ERS] Loading file: OEBPS/chapter2.xhtml, index: 1 (free=1048576, maxAlloc=1048576)
[1452] [DBG] [ERS] Cache found, skipping build... (pages=4, font=-1806001351 mode=0 free=1048576, maxAlloc=1048576)
[1453] [DBG] [FDC] Prewarm: 19 glyphs in 1432 bytes from 2 groups (0 missed)
[1453] [DBG] [FDC] Prewarm: 38 glyphs in 2843 bytes from 2 groups (0 missed)
[1456] [INF] [EPS] Grayscale strip scratch: bytes=8000 pool=default
[SIM] open failed: ./fs_/.crosspoint/epub_17960652168525209474/reader_settings.bin (flags=0x0 errno=2 No such file or directory)
[SIM] open failed: ./fs_/.crosspoint/epub_17960652168525209474/dictionary.bin (flags=0x0 errno=2 No such file or directory)
[SIM] open failed: ./fs_/.crosspoint/dictionary.bin (flags=0x0 errno=2 No such file or directory)
[1469] [DBG] [ACT] Entering activity: EpubReaderMenu
[1527] [INF] [SMOKE] Rendering Reader Menu opened from EPUB
[1615] [INF] [SMOKE] Rendering Reader Menu Reader Options selection
[1661] [DBG] [ACT] Exiting activity: EpubReaderMenu
[1661] [DBG] [ACT] Entering activity: EpubReaderChapterSelection
[1721] [INF] [SMOKE] Rendering Reader Options opened from Reader Menu
[1812] [INF] [SMOKE] Rendering Reader Options after navigation
[1861] [DBG] [ACT] Exiting activity: EpubReaderChapterSelection
[1861] [DBG] [ERS] Loading file: OEBPS/chapter3.xhtml, index: 2 (free=1048576, maxAlloc=1048576)
[SIM] open failed: ./fs_/.crosspoint/epub_17960652168525209474/sections/2.bin (flags=0x0 errno=2 No such file or directory)
[1862] [DBG] [ERS] Cache not found, building... (free=1048576, maxAlloc=1048576)
[1868] [DBG] [SCT] Create section start: spine=2 mode=0 preview=0 viewport=464x761 image=0 focus=0 guide=0 free=1048576 maxAlloc=1048576
[1868] [INF] [EPS] section build start: internal free=1048576 max=1048576; psram free=0 max=0 total=0
[1868] [DBG] [ZIP] Stream OEBPS/chapter3.xhtml: ok=1 lookup=70us read/inflate=20us write=37us bytes=2110
[1868] [DBG] [CSS] Rule arena: bytes=3784 pool=internal psramReserve=131072; hydrated
[1869] [DBG] [CSS] Loaded 23 indexed rules + 0 descendant rules from complete cache
[1869] [DBG] [SCT] CSS cache load: ok=1 partial=0 rules=23 free=1048576->1048576 delta=0 maxAlloc=1048576->1048576 delta=0
[1873] [DBG] [EHP] Time to parse and build pages: 4 ms (free=1048576, maxAlloc=1048576)
[1875] [DBG] [SCT] Parser done: spine=2 success=1 pages=3 free=1048576 maxAlloc=1048576
[1875] [DBG] [ERS] primary section cache built: spine=2 font=-1806001351 mode=0 embedded=1 focus=0 guide=0 pages=3 free=1048576 maxAlloc=1048576 building=0
[1876] [DBG] [ERS] Cache build complete: pages=3 font=-1806001351 mode=0 free=1048576 maxAlloc=1048576
[1876] [DBG] [FDC] Prewarm: 10 glyphs in 710 bytes from 1 groups (0 missed)
[1877] [DBG] [FDC] Prewarm: 7 glyphs in 407 bytes from 1 groups (0 missed)
[1877] [DBG] [FDC] Prewarm: 13 glyphs in 946 bytes from 1 groups (0 missed)
[1877] [DBG] [FDC] Prewarm: 31 glyphs in 2172 bytes from 2 groups (0 missed)
[1880] [INF] [EPS] Grayscale strip scratch: bytes=8000 pool=default
[1911] [INF] [SMOKE] Rendering Reader Options after toggle
[1911] [DBG] [FDC] Prewarm: 10 glyphs in 710 bytes from 1 groups (0 missed)
[1912] [DBG] [FDC] Prewarm: 7 glyphs in 407 bytes from 1 groups (0 missed)
[1912] [DBG] [FDC] Prewarm: 13 glyphs in 946 bytes from 1 groups (0 missed)
[1912] [DBG] [FDC] Prewarm: 31 glyphs in 2172 bytes from 2 groups (0 missed)
[1972] [INF] [EPS] reader exit after caches: internal free=1048576 max=1048576; psram free=0 max=0 total=0
[1972] [DBG] [ACT] Exiting activity: EpubReader
[1974] [DBG] [ACT] Entering activity: Home
[SIM] open failed: ./fs_/.crosspoint/synced_stats (flags=0x0 errno=2 No such file or directory)
[2032] [INF] [SMOKE] Rendering Reader Menu after closing Reader Options
[2078] [DBG] [ACT] Exiting activity: Home
[2078] [DBG] [ACT] Entering activity: Reader
[SIM] open failed: ./fs_/.crosspoint/epub_17960652168525209474/reader_settings.bin (flags=0x0 errno=2 No such file or directory)
[2079] [DBG] [ACT] Exiting activity: Reader
[2079] [DBG] [ACT] Entering activity: EpubReader
[2079] [INF] [EPS] reader enter: internal free=1048576 max=1048576; psram free=0 max=0 total=0
[2079] [DBG] [ERS] Reading stats loaded: totalReadingSeconds=0 totalPagesTurned=0 avg=0 samples=0 cumulativeAvg=0
[2079] [DBG] [ERS] Loading file: OEBPS/chapter3.xhtml, index: 2 (free=1048576, maxAlloc=1048576)
[2080] [DBG] [ERS] Cache found, skipping build... (pages=3, font=-1806001351 mode=0 free=1048576, maxAlloc=1048576)
[2080] [DBG] [ERS] Resolved visible text offset 0 to page 0
[2080] [DBG] [FDC] Prewarm: 10 glyphs in 710 bytes from 1 groups (0 missed)
[2080] [DBG] [FDC] Prewarm: 7 glyphs in 407 bytes from 1 groups (0 missed)
[2081] [DBG] [FDC] Prewarm: 13 glyphs in 946 bytes from 1 groups (0 missed)
[2081] [DBG] [FDC] Prewarm: 31 glyphs in 2172 bytes from 2 groups (0 missed)
[2084] [INF] [EPS] Grayscale strip scratch: bytes=8000 pool=default
[2140] [INF] [SMOKE] Rendering Reader after closing Reader Menu
[2141] [DBG] [FDC] Prewarm: 10 glyphs in 710 bytes from 1 groups (0 missed)
[2141] [DBG] [FDC] Prewarm: 7 glyphs in 407 bytes from 1 groups (0 missed)
[2142] [DBG] [FDC] Prewarm: 13 glyphs in 946 bytes from 1 groups (0 missed)
[2142] [DBG] [FDC] Prewarm: 31 glyphs in 2172 bytes from 2 groups (0 missed)
[2185] [INF] [SMOKE] Simulator smoke test passed
