Running simulator smoke test with isolated fs_: /var/folders/h9/qcmb2q1n1tv0vgdr93b298680000gn/T/crossink-sim-smoke-oeblfcpz/fs_
[0] [INF] [BOOT] Reset diagnostic: reset=0(UNKNOWN) sleepWake=0(UNDEFINED)
[0] [INF] [MAIN] Hardware detect: X4
[0] [INF] [BOOT] Post-GPIO diagnostic: device=X4 usb=1 silentReboot=0 silentTarget=0
[0] [INF] [BOOT] Wake route: Other
[0] [INF] [BOOT] Other wake route: continuing boot
SIMRESOURCE mode=off calibrated=0 internal=1048576/1048576 largest=1048576 psram=0/0 largest=0
[0] [DBG] [BOOTMEM] storage ready: free=1048576 maxAlloc=1048576
[SIM] open failed: ./fs_/.crosspoint/dictionary.bin (flags=0x0 errno=2 No such file or directory)
[0] [DBG] [UI] Using Lyra theme
[0] [DBG] [BOOTMEM] boot state ready: free=1048576 maxAlloc=1048576
[0] [DBG] [MAIN] Starting CrossInk version 1.6.0
[0] [INF] [MEM] Boot: heap free=1048576 total=1048576 min=1048576 maxAlloc=1048576
[0] [DBG] [ACT] Render task started with 16384-byte stack
[0] [DBG] [SDFS] SD font resolver ready; discovery deferred until requested
[0] [DBG] [BOOTMEM] display and selected fonts ready: free=1048576 maxAlloc=1048576
[0] [DBG] [ACT] Entering activity: Boot
[SIM] open failed: ./fs_/.bootscreen (flags=0x0 errno=2 No such file or directory)
[SIM] open failed: ./fs_/bootscreen (flags=0x0 errno=2 No such file or directory)
[2] [DBG] [ACT] Exiting activity: Boot
[2] [DBG] [ACT] Entering activity: Home
[SIM] open failed: ./fs_/.crosspoint/global_stats.bin (flags=0x0 errno=2 No such file or directory)
[SIM] open failed: ./fs_/.crosspoint/global_stats.bin.bak (flags=0x0 errno=2 No such file or directory)
[2] [DBG] [GSTATS] Global stats missing or corrupt, starting fresh
[SIM] open failed: ./fs_/.crosspoint/synced_stats (flags=0x0 errno=2 No such file or directory)
[3] [INF] [SMOKE] Starting simulator smoke test
[3] [DBG] [CPS] Settings loaded from file
[3] [DBG] [CPS] Settings loaded from file
[3] [DBG] [CPS] Settings loaded from file
[3] [DBG] [CPS] Settings loaded from file
[3] [DBG] [CPS] Settings loaded from file
[3] [DBG] [CPS] Settings loaded from file
[4] [DBG] [CPS] Settings loaded from file
[4] [DBG] [CPS] Settings loaded from file
[5] [DBG] [CPS] Settings loaded from file
[5] [DBG] [CPS] Settings loaded from file
[5] [DBG] [CPS] Settings loaded from file
[5] [DBG] [CPS] Settings loaded from file
[6] [DBG] [CPS] Settings loaded from file
[6] [DBG] [CPS] Settings loaded from file
[6] [DBG] [CPS] Settings loaded from file
[7] [DBG] [CPS] Settings loaded from file
[7] [DBG] [CPS] Settings loaded from file
[7] [DBG] [UI] Using RoundedRaff theme
[7] [INF] [SMOKE] Using theme index 3
[24] [DBG] [ACT] Exiting activity: Home
[24] [DBG] [ACT] Entering activity: Home
[SIM] open failed: ./fs_/.crosspoint/global_stats.bin (flags=0x0 errno=2 No such file or directory)
[SIM] open failed: ./fs_/.crosspoint/global_stats.bin.bak (flags=0x0 errno=2 No such file or directory)
[24] [DBG] [GSTATS] Global stats missing or corrupt, starting fresh
[SIM] open failed: ./fs_/.crosspoint/synced_stats (flags=0x0 errno=2 No such file or directory)
[58] [INF] [SMOKE] Rendering Home
[91] [DBG] [ACT] Exiting activity: Home
[91] [DBG] [ACT] Entering activity: Tools
[121] [INF] [SMOKE] Rendering Tools
[154] [DBG] [ACT] Exiting activity: Tools
[154] [DBG] [ACT] Entering activity: DailyCommandCenter
[186] [INF] [SMOKE] Rendering Tools: Today
[220] [DBG] [ACT] Exiting activity: DailyCommandCenter
[220] [DBG] [ACT] Entering activity: Pomodoro
[251] [INF] [SMOKE] Rendering Tools: Pomodoro
[285] [DBG] [ACT] Exiting activity: Pomodoro
[285] [DBG] [ACT] Entering activity: WorldClock
[316] [INF] [SMOKE] Rendering Tools: World Clock
[349] [DBG] [ACT] Exiting activity: WorldClock
[349] [DBG] [ACT] Entering activity: HabitTracker
[378] [INF] [SMOKE] Rendering Tools: Habits
[411] [DBG] [ACT] Exiting activity: HabitTracker
[411] [DBG] [ACT] Entering activity: DailyQuote
[442] [INF] [SMOKE] Rendering Tools: Daily Quote
[475] [DBG] [ACT] Exiting activity: DailyQuote
[475] [DBG] [ACT] Entering activity: Knowledge
[506] [INF] [SMOKE] Rendering Tools: Knowledge Card
[538] [DBG] [ACT] Exiting activity: Knowledge
[538] [DBG] [ACT] Entering activity: Flashcards
[570] [INF] [SMOKE] Rendering Tools: Flashcards
[602] [DBG] [ACT] Exiting activity: Flashcards
[602] [DBG] [ACT] Entering activity: Panchanga
[634] [INF] [SMOKE] Rendering Tools: Panchanga
[667] [DBG] [ACT] Exiting activity: Panchanga
[667] [DBG] [ACT] Entering activity: FileBrowser
[698] [INF] [SMOKE] Rendering File Browser
[731] [DBG] [ACT] Exiting activity: FileBrowser
[731] [DBG] [ACT] Entering activity: RecentBooks
[761] [INF] [SMOKE] Rendering Recent Books
[794] [DBG] [ACT] Exiting activity: RecentBooks
[794] [DBG] [ACT] Entering activity: Settings
[SIM] open failed: ./fs_/.dictionaries (flags=0x0 errno=2 No such file or directory)
[SIM] open failed: ./fs_/dictionaries (flags=0x0 errno=2 No such file or directory)
[794] [DBG] [DREG] No dictionary directory found on SD card
[825] [INF] [SMOKE] Rendering Settings
[858] [DBG] [ACT] Exiting activity: Settings
[858] [DBG] [UI] Using RoundedRaff theme
[858] [DBG] [ACT] Entering activity: ReaderOptions
[SIM] open failed: ./fs_/.dictionaries (flags=0x0 errno=2 No such file or directory)
[SIM] open failed: ./fs_/dictionaries (flags=0x0 errno=2 No such file or directory)
[859] [DBG] [DREG] No dictionary directory found on SD card
[889] [INF] [SMOKE] Rendering Reader Options
[922] [DBG] [ACT] Exiting activity: ReaderOptions
[922] [DBG] [ACT] Entering activity: EpubReaderMenu
[953] [INF] [SMOKE] Rendering Reader Menu
[972] [DBG] [ACT] Exiting activity: EpubReaderMenu
[972] [DBG] [ACT] Entering activity: Sleep
[1017] [INF] [SMOKE] Rendering Sleep
[1045] [DBG] [ACT] Exiting activity: Sleep
[1045] [DBG] [ACT] Entering activity: Reader
[SIM] open failed: ./fs_/.crosspoint/epub_17960652168525209474/reader_settings.bin (flags=0x0 errno=2 No such file or directory)
[SIM] open failed: ./fs_/.crosspoint/epub_17960652168525209474/book.bin (flags=0x0 errno=2 No such file or directory)
[1048] [DBG] [EBP] Cache not found, building spine/TOC cache
[1048] [DBG] [ZIP] Stream META-INF/container.xml: ok=1 lookup=34us read/inflate=12us write=47us bytes=252
[1049] [DBG] [COF] Using chunked manifest index for 8 items in 1 chunks (arena high-water=3856 bytes)
[1049] [DBG] [ZIP] Stream OEBPS/content.opf: ok=1 lookup=76us read/inflate=13us write=771us bytes=1301
[1050] [DBG] [ZIP] Stream OEBPS/nav.xhtml: ok=1 lookup=46us read/inflate=16us write=79us bytes=765
[1050] [DBG] [EBP] Total indexing completed in 2 ms
[1050] [DBG] [ZIP] Stream OEBPS/styles/test.css: ok=1 lookup=68us read/inflate=13us write=15us bytes=1219
[1053] [DBG] [EBP] Loaded 23 complete CSS style rules from 1/1 files
[1053] [DBG] [ACT] Exiting activity: Reader
[1053] [DBG] [ACT] Entering activity: EpubReader
[1053] [INF] [EPS] reader enter: internal free=1048576 max=1048576; psram free=0 max=0 total=0
[SIM] open failed: ./fs_/.crosspoint/epub_17960652168525209474/stats_v5.bin (flags=0x0 errno=2 No such file or directory)
[SIM] open failed: ./fs_/.crosspoint/epub_17960652168525209474/stats_v4.bin (flags=0x0 errno=2 No such file or directory)
[SIM] open failed: ./fs_/.crosspoint/epub_17960652168525209474/stats.bin (flags=0x0 errno=2 No such file or directory)
[1053] [DBG] [ERS] Reading stats loaded: totalReadingSeconds=0 totalPagesTurned=0 avg=0 samples=0 cumulativeAvg=0
[SIM] open failed: ./fs_/.crosspoint/global_stats.bin (flags=0x0 errno=2 No such file or directory)
[SIM] open failed: ./fs_/.crosspoint/global_stats.bin.bak (flags=0x0 errno=2 No such file or directory)
[1053] [DBG] [GSTATS] Global stats missing or corrupt, starting fresh
[1054] [DBG] [ERS] Loading file: OEBPS/chapter1.xhtml, index: 0 (free=1048576, maxAlloc=1048576)
[SIM] open failed: ./fs_/.crosspoint/epub_17960652168525209474/sections/0.bin (flags=0x0 errno=2 No such file or directory)
[1054] [DBG] [ERS] Cache not found, building... (free=1048576, maxAlloc=1048576)
[1056] [DBG] [SCT] Create section start: spine=0 mode=0 preview=0 viewport=464x761 image=0 focus=0 guide=0 free=1048576 maxAlloc=1048576
[1057] [INF] [EPS] section build start: internal free=1048576 max=1048576; psram free=0 max=0 total=0
[1057] [DBG] [ZIP] Stream OEBPS/chapter1.xhtml: ok=1 lookup=60us read/inflate=17us write=15us bytes=1330
[1057] [DBG] [CSS] Rule arena: bytes=3784 pool=internal psramReserve=131072; hydrated
[1058] [DBG] [CSS] Loaded 23 indexed rules + 0 descendant rules from complete cache
[1058] [DBG] [SCT] CSS cache load: ok=1 partial=0 rules=23 free=1048576->1048576 delta=0 maxAlloc=1048576->1048576 delta=0
[1060] [DBG] [EHP] Time to parse and build pages: 2 ms (free=1048576, maxAlloc=1048576)
[1061] [DBG] [SCT] Parser done: spine=0 success=1 pages=2 free=1048576 maxAlloc=1048576
[1061] [DBG] [ERS] primary section cache built: spine=0 font=-1806001351 mode=0 embedded=1 focus=0 guide=0 pages=2 free=1048576 maxAlloc=1048576 building=0
[1061] [DBG] [ERS] Cache build complete: pages=2 font=-1806001351 mode=0 free=1048576 maxAlloc=1048576
[1062] [DBG] [FDC] Prewarm: 11 glyphs in 847 bytes from 1 groups (0 missed)
[1062] [DBG] [FDC] Prewarm: 45 glyphs in 3241 bytes from 2 groups (0 missed)
[1065] [INF] [EPS] Grayscale strip scratch: bytes=8000 pool=default
[SIM] open failed: ./fs_/.crosspoint/epub_17960652168525209474/sections/1.bin (flags=0x0 errno=2 No such file or directory)
[1076] [DBG] [ERS] Silently indexing next chapter: 1 (free=1048576, maxAlloc=1048576)
[1076] [DBG] [SCT] Create section start: spine=1 mode=0 preview=0 viewport=464x761 image=0 focus=0 guide=0 free=1048576 maxAlloc=1048576
[1076] [INF] [EPS] section build start: internal free=1048576 max=1048576; psram free=0 max=0 total=0
[1076] [DBG] [ZIP] Stream OEBPS/chapter2.xhtml: ok=1 lookup=93us read/inflate=25us write=44us bytes=2724
[1076] [DBG] [CSS] Rule arena: bytes=3784 pool=internal psramReserve=131072; hydrated
[1077] [DBG] [CSS] Loaded 23 indexed rules + 0 descendant rules from complete cache
[1077] [DBG] [SCT] CSS cache load: ok=1 partial=0 rules=23 free=1048576->1048576 delta=0 maxAlloc=1048576->1048576 delta=0
[1083] [DBG] [EHP] Time to parse and build pages: 6 ms (free=1048576, maxAlloc=1048576)
[1084] [DBG] [SCT] Parser done: spine=1 success=1 pages=4 free=1048576 maxAlloc=1048576
[1084] [DBG] [ERS] Silent indexing complete: chapter=1 pages=4 mode=0 free=1048576 maxAlloc=1048576
[1085] [DBG] [FDC] Prewarm: 11 glyphs in 847 bytes from 1 groups (0 missed)
[1085] [DBG] [FDC] Prewarm: 45 glyphs in 3241 bytes from 2 groups (0 missed)
[1153] [INF] [SMOKE] Rendering Reader
[1154] [DBG] [FDC] Prewarm: 11 glyphs in 847 bytes from 1 groups (0 missed)
[1154] [DBG] [FDC] Prewarm: 45 glyphs in 3241 bytes from 2 groups (0 missed)
[1157] [INF] [EPS] Grayscale strip scratch: bytes=8000 pool=default
[1185] [INF] [SMOKE] Running reader input script with 2 page turn(s)
[1227] [DBG] [FDC] Prewarm: 34 glyphs in 2295 bytes from 2 groups (0 missed)
[1283] [INF] [SMOKE] Rendering Reader after page forward
[1284] [DBG] [FDC] Prewarm: 34 glyphs in 2295 bytes from 2 groups (0 missed)
[1395] [INF] [SMOKE] Rendering Reader after page forward
[1395] [DBG] [FDC] Prewarm: 34 glyphs in 2295 bytes from 2 groups (0 missed)
[1428] [DBG] [ERS] Loading file: OEBPS/chapter2.xhtml, index: 1 (free=1048576, maxAlloc=1048576)
[1428] [DBG] [ERS] Cache found, skipping build... (pages=4, font=-1806001351 mode=0 free=1048576, maxAlloc=1048576)
[1429] [DBG] [FDC] Prewarm: 19 glyphs in 1432 bytes from 2 groups (0 missed)
[1429] [DBG] [FDC] Prewarm: 38 glyphs in 2843 bytes from 2 groups (0 missed)
[1432] [INF] [EPS] Grayscale strip scratch: bytes=8000 pool=default
[SIM] open failed: ./fs_/.crosspoint/epub_17960652168525209474/reader_settings.bin (flags=0x0 errno=2 No such file or directory)
[SIM] open failed: ./fs_/.crosspoint/epub_17960652168525209474/dictionary.bin (flags=0x0 errno=2 No such file or directory)
[SIM] open failed: ./fs_/.crosspoint/dictionary.bin (flags=0x0 errno=2 No such file or directory)
[1444] [DBG] [ACT] Entering activity: EpubReaderMenu
[1502] [INF] [SMOKE] Rendering Reader Menu opened from EPUB
[1591] [INF] [SMOKE] Rendering Reader Menu Reader Options selection
[1638] [DBG] [ACT] Exiting activity: EpubReaderMenu
[1638] [DBG] [ACT] Entering activity: EpubReaderChapterSelection
[1697] [INF] [SMOKE] Rendering Reader Options opened from Reader Menu
[1789] [INF] [SMOKE] Rendering Reader Options after navigation
[1833] [DBG] [ACT] Exiting activity: EpubReaderChapterSelection
[1833] [DBG] [ERS] Loading file: OEBPS/chapter3.xhtml, index: 2 (free=1048576, maxAlloc=1048576)
[SIM] open failed: ./fs_/.crosspoint/epub_17960652168525209474/sections/2.bin (flags=0x0 errno=2 No such file or directory)
[1834] [DBG] [ERS] Cache not found, building... (free=1048576, maxAlloc=1048576)
[1838] [DBG] [SCT] Create section start: spine=2 mode=0 preview=0 viewport=464x761 image=0 focus=0 guide=0 free=1048576 maxAlloc=1048576
[1838] [INF] [EPS] section build start: internal free=1048576 max=1048576; psram free=0 max=0 total=0
[1838] [DBG] [ZIP] Stream OEBPS/chapter3.xhtml: ok=1 lookup=73us read/inflate=20us write=52us bytes=2110
[1839] [DBG] [CSS] Rule arena: bytes=3784 pool=internal psramReserve=131072; hydrated
[1840] [DBG] [CSS] Loaded 23 indexed rules + 0 descendant rules from complete cache
[1840] [DBG] [SCT] CSS cache load: ok=1 partial=0 rules=23 free=1048576->1048576 delta=0 maxAlloc=1048576->1048576 delta=0
[1846] [DBG] [EHP] Time to parse and build pages: 6 ms (free=1048576, maxAlloc=1048576)
[1849] [DBG] [SCT] Parser done: spine=2 success=1 pages=3 free=1048576 maxAlloc=1048576
[1849] [DBG] [ERS] primary section cache built: spine=2 font=-1806001351 mode=0 embedded=1 focus=0 guide=0 pages=3 free=1048576 maxAlloc=1048576 building=0
[1849] [DBG] [ERS] Cache build complete: pages=3 font=-1806001351 mode=0 free=1048576 maxAlloc=1048576
[1850] [DBG] [FDC] Prewarm: 10 glyphs in 710 bytes from 1 groups (0 missed)
[1850] [DBG] [FDC] Prewarm: 7 glyphs in 407 bytes from 1 groups (0 missed)
[1850] [DBG] [FDC] Prewarm: 13 glyphs in 946 bytes from 1 groups (0 missed)
[1851] [DBG] [FDC] Prewarm: 31 glyphs in 2172 bytes from 2 groups (0 missed)
[1854] [INF] [EPS] Grayscale strip scratch: bytes=8000 pool=default
[1885] [INF] [SMOKE] Rendering Reader Options after toggle
[1886] [DBG] [FDC] Prewarm: 10 glyphs in 710 bytes from 1 groups (0 missed)
[1886] [DBG] [FDC] Prewarm: 7 glyphs in 407 bytes from 1 groups (0 missed)
[1886] [DBG] [FDC] Prewarm: 13 glyphs in 946 bytes from 1 groups (0 missed)
[1886] [DBG] [FDC] Prewarm: 31 glyphs in 2172 bytes from 2 groups (0 missed)
[1946] [INF] [EPS] reader exit after caches: internal free=1048576 max=1048576; psram free=0 max=0 total=0
[1946] [DBG] [ACT] Exiting activity: EpubReader
[1947] [DBG] [ACT] Entering activity: Home
[SIM] open failed: ./fs_/.crosspoint/synced_stats (flags=0x0 errno=2 No such file or directory)
[2005] [INF] [SMOKE] Rendering Reader Menu after closing Reader Options
[2051] [DBG] [ACT] Exiting activity: Home
[2051] [DBG] [ACT] Entering activity: Reader
[SIM] open failed: ./fs_/.crosspoint/epub_17960652168525209474/reader_settings.bin (flags=0x0 errno=2 No such file or directory)
[2051] [DBG] [ACT] Exiting activity: Reader
[2051] [DBG] [ACT] Entering activity: EpubReader
[2051] [INF] [EPS] reader enter: internal free=1048576 max=1048576; psram free=0 max=0 total=0
[2052] [DBG] [ERS] Reading stats loaded: totalReadingSeconds=0 totalPagesTurned=0 avg=0 samples=0 cumulativeAvg=0
[2052] [DBG] [ERS] Loading file: OEBPS/chapter3.xhtml, index: 2 (free=1048576, maxAlloc=1048576)
[2052] [DBG] [ERS] Cache found, skipping build... (pages=3, font=-1806001351 mode=0 free=1048576, maxAlloc=1048576)
[2052] [DBG] [ERS] Resolved visible text offset 0 to page 0
[2053] [DBG] [FDC] Prewarm: 10 glyphs in 710 bytes from 1 groups (0 missed)
[2053] [DBG] [FDC] Prewarm: 7 glyphs in 407 bytes from 1 groups (0 missed)
[2054] [DBG] [FDC] Prewarm: 13 glyphs in 946 bytes from 1 groups (0 missed)
[2054] [DBG] [FDC] Prewarm: 31 glyphs in 2172 bytes from 2 groups (0 missed)
[2058] [INF] [EPS] Grayscale strip scratch: bytes=8000 pool=default
[2111] [INF] [SMOKE] Rendering Reader after closing Reader Menu
[2112] [DBG] [FDC] Prewarm: 10 glyphs in 710 bytes from 1 groups (0 missed)
[2112] [DBG] [FDC] Prewarm: 7 glyphs in 407 bytes from 1 groups (0 missed)
[2113] [DBG] [FDC] Prewarm: 13 glyphs in 946 bytes from 1 groups (0 missed)
[2113] [DBG] [FDC] Prewarm: 31 glyphs in 2172 bytes from 2 groups (0 missed)
[2157] [INF] [SMOKE] Simulator smoke test passed
