********************************************************************************
Obsolete PIO Core v6.1.18 is used (previous was 6.2.0)
Please remove multiple PIO Cores from a system:
https://docs.platformio.org/en/latest/core/installation/troubleshooting.html
********************************************************************************
Processing simulator (platform: native)
--------------------------------------------------------------------------------
Verbose mode can be enabled via `-v, --verbose` option
Language              Code  Own  Fallback  Unused  Data (B)
--------------------  ----  ---  --------  ------  --------
English               EN    949  0         65      17618   
العربية               AR    709  240       57      23656   
Беларуская            BE    529  420       23      18141   
Català                CA    584  365       23      13277   
Valencià              CAV   565  384       18      12562   
Čeština               CS    716  233       57      16376   
Dansk                 DA    528  421       23      9424    
Deutsch               DE    705  244       53      15047   
Español               ES    706  243       57      16224   
Suomi                 FI    517  432       23      10297   
Français              FR    528  421       23      10339   
עברית                 HE    521  428       17      13912   
Magyar                HU    528  421       23      11327   
Italiano              IT    595  354       30      12235   
Қазақша               KK    527  422       23      17782   
Lietuvių              LT    528  421       23      9915    
Nederlands            NL    527  422       22      9721    
Polski                PL    547  402       30      11046   
Português (Brasil)    PT    705  244       57      15895   
Português (Portugal)  PT2   799  150       62      19020   
Română                RO    527  422       22      10804   
Русский               RU    592  357       22      21051   
Slovenščina           SI    528  421       23      10189   
Slovenčina            SK    616  333       34      13826   
Svenska               SV    581  368       22      11467   
Türkçe                TR    527  422       22      10343   
Українська            UK    581  368       29      21189   
Tiếng Việt            VI    582  367       33      13630   

  Total: 949  |  Used in code: 884  |  Never used: 65
  Flash: 396,313 B strings (deduped)  +  53,144 B offset tables  =  449,457 B

  Stripping 65 unused string(s) from output.

Code generation complete!
  Languages: 28
  String keys: 884
WARNING [git_branch.py]: git command failed (exit 128): fatal: not a git repository (or any of the parent directories): .git; short SHA suffix will be "unknown"
WARNING [git_branch.py]: Could not read git working-tree state: Command '['git', 'status', '--porcelain', '--untracked-files=no']' returned non-zero exit status 128.; state will be "unknown"
HomePageHtml          2889B ->   1158B gz
FilesPageHtml       260079B ->  60730B gz
SettingsPageHtml     25615B ->   5783B gz
FontsPageHtml        10749B ->   3311B gz
StyleCss              3056B ->   1150B gz
LogoPng               2951B raw
jszip_minJs          97630B ->  28379B gz
LDF: Library Dependency Finder -> https://bit.ly/configure-pio-ldf
LDF Modes: Finder ~ chain, Compatibility ~ off
Found 36 compatible libraries
Scanning dependencies...
Dependency Graph
|-- Crosspoint Simulator @ 1.0.0+sha.29958a0
|-- FreeInkUI @ 0.1.0
|-- Icons @ 1.0.0
|-- NearbyTransfer @ 1.0.0
|-- ArduinoJson @ 7.4.2
|-- QRCode @ 0.0.1
|-- PNGdec @ 1.1.6
|-- JPEGDEC @ 1.2.7+sha.8628297
|-- Logging
|-- Serialization
|-- uzlib @ 2.9.8
|-- I18n
|-- GfxRenderer
|-- Epub
|-- FsHelpers
|-- Xtc
|-- MemoryBudget
|-- Memory
|-- AppVersion
|-- Txt
|-- OpdsParser
|-- Utf8
|-- KOReaderSync
|-- MiniBidi
|-- DictHtmlRenderer
|-- EpdFont
|-- FileIndex
Building in release mode
Compiling .pio/build/simulator/src/BookmarkStore.o
Compiling .pio/build/simulator/src/ClippingStore.o
Compiling .pio/build/simulator/src/CrossPointSettings.o
Compiling .pio/build/simulator/src/CrossPointState.o
Compiling .pio/build/simulator/src/FontInstaller.o
Compiling .pio/build/simulator/src/MappedInputManager.o
Compiling .pio/build/simulator/src/OpdsServerStore.o
Compiling .pio/build/simulator/src/QuickActions.o
Compiling .pio/build/simulator/src/RecentBooksStore.o
Compiling .pio/build/simulator/src/SdCardFontSystem.o
Compiling .pio/build/simulator/src/WifiCredentialStore.o
Compiling .pio/build/simulator/src/activities/Activity.o
Compiling .pio/build/simulator/src/activities/ActivityManager.o
Compiling .pio/build/simulator/src/activities/boot_sleep/BootActivity.o
Compiling .pio/build/simulator/src/activities/boot_sleep/ImageFolderIndex.o
Compiling .pio/build/simulator/src/activities/boot_sleep/SleepActivity.o
Compiling .pio/build/simulator/src/activities/boot_sleep/SleepCoverAssets.o
Compiling .pio/build/simulator/src/activities/browser/OpdsBookBrowserActivity.o
Compiling .pio/build/simulator/src/activities/home/AlertActivity.o
Compiling .pio/build/simulator/src/activities/home/BookActions.o
Compiling .pio/build/simulator/src/activities/home/CrashActivity.o
Compiling .pio/build/simulator/src/activities/home/FileBrowserActionActivity.o
Compiling .pio/build/simulator/src/activities/home/FileBrowserActivity.o
Compiling .pio/build/simulator/src/activities/home/HomeActivity.o
Compiling .pio/build/simulator/src/activities/home/RecentBookProgress.o
Compiling .pio/build/simulator/src/activities/home/RecentBooksActivity.o
Compiling .pio/build/simulator/src/activities/home/RecentBooksGridActivity.o
Compiling .pio/build/simulator/src/activities/home/SavedItemsHomeActivity.o
Compiling .pio/build/simulator/src/activities/network/CalibreConnectActivity.o
Compiling .pio/build/simulator/src/activities/network/CrossPointWebServerActivity.o
Compiling .pio/build/simulator/src/activities/network/NearbyBookTransferActivity.o
Compiling .pio/build/simulator/src/activities/network/NearbyStatsSyncActivity.o
Compiling .pio/build/simulator/src/activities/network/NetworkModeSelectionActivity.o
Compiling .pio/build/simulator/src/activities/network/UsbDriveActivity.o
Compiling .pio/build/simulator/src/activities/network/WifiSelectionActivity.o
Compiling .pio/build/simulator/src/activities/reader/BookReadingStats.o
Compiling .pio/build/simulator/src/activities/reader/BookStatsActivity.o
Compiling .pio/build/simulator/src/activities/reader/BookStatsView.o
Compiling .pio/build/simulator/src/activities/reader/ClipSelectionActivity.o
Compiling .pio/build/simulator/src/activities/reader/ControlsOptionsActivity.o
Compiling .pio/build/simulator/src/activities/reader/DictionaryDefinitionActivity.o
Compiling .pio/build/simulator/src/activities/reader/DictionarySuggestionsActivity.o
Compiling .pio/build/simulator/src/activities/reader/DictionaryWordSelectActivity.o
Compiling .pio/build/simulator/src/activities/reader/EndOfBookOptions.o
Compiling .pio/build/simulator/src/activities/reader/EpubGrayscale.o
Compiling .pio/build/simulator/src/activities/reader/EpubReaderActivity.o
Compiling .pio/build/simulator/src/activities/reader/EpubReaderBookmarkListActivity.o
Compiling .pio/build/simulator/src/activities/reader/EpubReaderChapterSelectionActivity.o
Compiling .pio/build/simulator/src/activities/reader/EpubReaderClippingListActivity.o
Compiling .pio/build/simulator/src/activities/reader/EpubReaderFootnotesActivity.o
Compiling .pio/build/simulator/src/activities/reader/EpubReaderMenuActivity.o
Compiling .pio/build/simulator/src/activities/reader/EpubReaderPercentSelectionActivity.o
Compiling .pio/build/simulator/src/activities/reader/EpubReaderTouchMenuActivity.o
Compiling .pio/build/simulator/src/activities/reader/GlobalReadingStats.o
Compiling .pio/build/simulator/src/activities/reader/KOReaderSyncActivity.o
Compiling .pio/build/simulator/src/activities/reader/LibraryStats.o
Compiling .pio/build/simulator/src/activities/reader/LookedUpWordsActivity.o
Compiling .pio/build/simulator/src/activities/reader/NearbyBookPositionSyncActivity.o
Compiling .pio/build/simulator/src/activities/reader/QrDisplayActivity.o
Compiling .pio/build/simulator/src/activities/reader/ReaderActivity.o
Compiling .pio/build/simulator/src/activities/reader/ReaderOptionsActivity.o
Compiling .pio/build/simulator/src/activities/reader/ReadingStatsUtils.o
Compiling .pio/build/simulator/src/activities/reader/StatsBackup.o
Compiling .pio/build/simulator/src/activities/reader/TxtReaderActivity.o
Compiling .pio/build/simulator/src/activities/reader/XtcReaderActivity.o
Compiling .pio/build/simulator/src/activities/reader/XtcReaderChapterSelectionActivity.o
Compiling .pio/build/simulator/src/activities/reader/XtcReaderMenuActivity.o
Compiling .pio/build/simulator/src/activities/settings/AboutActivity.o
Compiling .pio/build/simulator/src/activities/settings/BackupStatsActivity.o
Compiling .pio/build/simulator/src/activities/settings/ButtonRemapActivity.o
Compiling .pio/build/simulator/src/activities/settings/ClearCacheActivity.o
Compiling .pio/build/simulator/src/activities/settings/ClockOffsetActivity.o
Compiling .pio/build/simulator/src/activities/settings/ClockSyncActivity.o
Compiling .pio/build/simulator/src/activities/settings/DictionarySelectActivity.o
Compiling .pio/build/simulator/src/activities/settings/FontDownloadActivity.o
Compiling .pio/build/simulator/src/activities/settings/FontSelectionActivity.o
Compiling .pio/build/simulator/src/activities/settings/FrontlightTimePickerActivity.o
Compiling .pio/build/simulator/src/activities/settings/KOReaderAuthActivity.o
Compiling .pio/build/simulator/src/activities/settings/KOReaderSettingsActivity.o
Compiling .pio/build/simulator/src/activities/settings/KeyboardLayoutsActivity.o
Compiling .pio/build/simulator/src/activities/settings/OpdsServerListActivity.o
Compiling .pio/build/simulator/src/activities/settings/OpdsSettingsActivity.o
Compiling .pio/build/simulator/src/activities/settings/OtaUpdateActivity.o
Compiling .pio/build/simulator/src/activities/settings/QuickActionsActivity.o
Compiling .pio/build/simulator/src/activities/settings/SdFirmwareUpdateActivity.o
Compiling .pio/build/simulator/src/activities/settings/SettingsActivity.o
Compiling .pio/build/simulator/src/activities/settings/StatusBarSettingsActivity.o
Compiling .pio/build/simulator/src/activities/tools/DailyCommandCenterActivity.o
Compiling .pio/build/simulator/src/activities/tools/DailyQuoteActivity.o
Compiling .pio/build/simulator/src/activities/tools/FlashcardsActivity.o
Compiling .pio/build/simulator/src/activities/tools/HabitData.o
Compiling .pio/build/simulator/src/activities/tools/HabitTrackerActivity.o
Compiling .pio/build/simulator/src/activities/tools/KnowledgeCardActivity.o
Compiling .pio/build/simulator/src/activities/tools/PanchangaActivity.o
Compiling .pio/build/simulator/src/activities/tools/PomodoroActivity.o
Compiling .pio/build/simulator/src/activities/tools/ToolsCommon.o
src/activities/settings/SettingsActivity.cpp:1058:13: warning: enumeration values 'ScreenMargin' and 'ControlsHomeButton' not handled in switch [-Wswitch]
 1058 |     switch (setting.action) {
      |             ^~~~~~~~~~~~~~
src/activities/settings/SettingsActivity.cpp:1058:13: note: add missing switch cases
 1058 |     switch (setting.action) {
      |             ^
Compiling .pio/build/simulator/src/activities/tools/ToolsMenuActivity.o
Compiling .pio/build/simulator/src/activities/tools/ToolsStore.o
Compiling .pio/build/simulator/src/activities/tools/WorldClockActivity.o
Compiling .pio/build/simulator/src/activities/util/BmpViewerActivity.o
Compiling .pio/build/simulator/src/activities/util/ConfirmationActivity.o
Compiling .pio/build/simulator/src/activities/util/FrontlightPanelActivity.o
1 warning generated.
Compiling .pio/build/simulator/src/activities/util/FullScreenMessageActivity.o
Compiling .pio/build/simulator/src/activities/util/IntervalSelectionActivity.o
Compiling .pio/build/simulator/src/activities/util/KeyboardEntryActivity.o
Compiling .pio/build/simulator/src/activities/util/KeyboardLayoutSet.o
Compiling .pio/build/simulator/src/activities/util/OptionSelectionActivity.o
Compiling .pio/build/simulator/src/clippings/ClipTextBuilder.o
Compiling .pio/build/simulator/src/clippings/ClippingsManager.o
Compiling .pio/build/simulator/src/components/CompactHeader.o
Compiling .pio/build/simulator/src/components/HeaderDate.o
Compiling .pio/build/simulator/src/components/TouchActionButtons.o
Compiling .pio/build/simulator/src/components/TouchHeaderBackButton.o
Compiling .pio/build/simulator/src/components/TouchRegistry.o
Compiling .pio/build/simulator/src/components/UITheme.o
Compiling .pio/build/simulator/src/components/themes/BaseTheme.o
Compiling .pio/build/simulator/src/components/themes/dashboard/DashboardTheme.o
Compiling .pio/build/simulator/src/components/themes/lyra/Lyra3CoversTheme.o
Compiling .pio/build/simulator/src/components/themes/lyra/LyraCarouselTheme.o
Compiling .pio/build/simulator/src/components/themes/lyra/LyraTheme.o
Compiling .pio/build/simulator/src/components/themes/minimal/MinimalTheme.o
Compiling .pio/build/simulator/src/components/themes/pocketdeck/PocketDeckTheme.o
Compiling .pio/build/simulator/src/components/themes/roundedraff/RoundedRaffTheme.o
Compiling .pio/build/simulator/src/main.o
Compiling .pio/build/simulator/src/network/CrossPointWebServer.o
Compiling .pio/build/simulator/src/network/HttpDownloader.o
Compiling .pio/build/simulator/src/network/UsbSerialFileTransfer.o
Compiling .pio/build/simulator/src/network/WebDAVHandler.o
Compiling .pio/build/simulator/src/platform/UsbDisabledClassCallbacks.o
Compiling .pio/build/simulator/src/platform/UsbSerialJtagHandoff.o
Compiling .pio/build/simulator/src/simulator/SimulatorHomeKeyInput.o
Compiling .pio/build/simulator/src/simulator/SimulatorSmokeTest.o
Compiling .pio/build/simulator/src/util/BatteryDiagnosticLog.o
Compiling .pio/build/simulator/src/util/BookCacheUtils.o
Compiling .pio/build/simulator/src/util/BookMoveUtils.o
Compiling .pio/build/simulator/src/util/ButtonNavigator.o
Compiling .pio/build/simulator/src/util/DictLayout.o
Compiling .pio/build/simulator/src/util/Dictionary.o
Compiling .pio/build/simulator/src/util/DictionaryLookupController.o
Compiling .pio/build/simulator/src/util/DictionaryLookupWorker.o
Compiling .pio/build/simulator/src/util/DictionaryRegistry.o
Compiling .pio/build/simulator/src/util/LookupHistory.o
Compiling .pio/build/simulator/src/util/NextBookFinder.o
Compiling .pio/build/simulator/src/util/QrUtils.o
Compiling .pio/build/simulator/src/util/ScreenshotUtil.o
Compiling .pio/build/simulator/src/util/StringUtils.o
Compiling .pio/build/simulator/src/util/UrlUtils.o
Compiling .pio/build/simulator/src/util/WordSelectNavigator.o
Compiling .pio/build/simulator/lib818/Logging/Logging.o
Compiling .pio/build/simulator/lib964/Utf8/Utf8.o
Compiling .pio/build/simulator/libdda/uzlib/tinflate.o
Compiling .pio/build/simulator/libdda/uzlib/uzlib_checksums.o
Compiling .pio/build/simulator/libc44/InflateReader/InflateReader.o
Compiling .pio/build/simulator/lib107/Memory/BuildScratch.o
Archiving .pio/build/simulator/libdda/libuzlib.a
Compiling .pio/build/simulator/libe59/EpdFont/EpdFont.o
Archiving .pio/build/simulator/libc44/libInflateReader.a
Indexing .pio/build/simulator/libdda/libuzlib.a
Compiling .pio/build/simulator/libe59/EpdFont/EpdFontFamily.o
Indexing .pio/build/simulator/libc44/libInflateReader.a
Compiling .pio/build/simulator/libe59/EpdFont/FontDecompressor.o
Compiling .pio/build/simulator/libe59/EpdFont/SdCardFont.o
Compiling .pio/build/simulator/libe59/EpdFont/SdCardFontManager.o
Archiving .pio/build/simulator/lib964/libUtf8.a
Indexing .pio/build/simulator/lib964/libUtf8.a
Compiling .pio/build/simulator/libe59/EpdFont/SdCardFontRegistry.o
Compiling .pio/build/simulator/libc5c/MiniBidi/BidiUtils.o
Compiling .pio/build/simulator/libc5c/MiniBidi/minibidi.o
Compiling .pio/build/simulator/lib472/GfxRenderer/Bitmap.o
Archiving .pio/build/simulator/lib818/libLogging.a
Indexing .pio/build/simulator/lib818/libLogging.a
Compiling .pio/build/simulator/lib472/GfxRenderer/BitmapHelpers.o
Compiling .pio/build/simulator/lib472/GfxRenderer/FontCacheManager.o
Compiling .pio/build/simulator/lib472/GfxRenderer/GfxRenderer.o
Archiving .pio/build/simulator/lib107/libMemory.a
Indexing .pio/build/simulator/lib107/libMemory.a
Compiling .pio/build/simulator/lib603/simulator/CrossPointWebServer.o
Compiling .pio/build/simulator/lib603/simulator/ESP.o
Compiling .pio/build/simulator/lib603/simulator/HalClock.o
Compiling .pio/build/simulator/lib603/simulator/HalDisplay.o
Compiling .pio/build/simulator/lib603/simulator/HalFrontlight.o
Archiving .pio/build/simulator/libe59/libEpdFont.a
Compiling .pio/build/simulator/lib603/simulator/HalGPIO.o
Indexing .pio/build/simulator/libe59/libEpdFont.a
Archiving .pio/build/simulator/libc5c/libMiniBidi.a
Compiling .pio/build/simulator/lib603/simulator/HalPowerManager.o
Indexing .pio/build/simulator/libc5c/libMiniBidi.a
Compiling .pio/build/simulator/lib603/simulator/HalStorage.o
Compiling .pio/build/simulator/lib603/simulator/HalSystem.o
Compiling .pio/build/simulator/lib603/simulator/HalTiltSensor.o
Archiving .pio/build/simulator/lib472/libGfxRenderer.a
Compiling .pio/build/simulator/lib603/simulator/NetworkClient.o
Indexing .pio/build/simulator/lib472/libGfxRenderer.a
Compiling .pio/build/simulator/lib603/simulator/SimulatorImageDecode.o
Compiling .pio/build/simulator/lib603/simulator/SimulatorLifecycle.o
Compiling .pio/build/simulator/lib603/simulator/SimulatorStackCheck.o
Compiling .pio/build/simulator/lib603/simulator/WebServer.o
Compiling .pio/build/simulator/lib603/simulator/WebSocketsServer.o
Compiling .pio/build/simulator/lib603/simulator/firmware_link_stubs.o
Compiling .pio/build/simulator/lib603/simulator/qrcode.o
Compiling .pio/build/simulator/lib603/simulator/simulator_firmware.o
Compiling .pio/build/simulator/lib603/simulator/simulator_main.o
Compiling .pio/build/simulator/lib603/simulator/simulator_ota.o
Compiling .pio/build/simulator/lib92e/FreeInkUI/FreeInkUI.o
Compiling .pio/build/simulator/libee7/NearbyTransfer/NearbyTransfer.o
Compiling .pio/build/simulator/lib991/QRCode/qrcode.o
Compiling .pio/build/simulator/lib46f/PNGdec/PNGdec.o
Archiving .pio/build/simulator/lib92e/libFreeInkUI.a
Indexing .pio/build/simulator/lib92e/libFreeInkUI.a
Compiling .pio/build/simulator/lib46f/PNGdec/adler32.o
Archiving .pio/build/simulator/lib991/libQRCode.a
Compiling .pio/build/simulator/lib46f/PNGdec/crc32.o
Indexing .pio/build/simulator/lib991/libQRCode.a
Compiling .pio/build/simulator/lib46f/PNGdec/infback.o
Compiling .pio/build/simulator/lib46f/PNGdec/inffast.o
Compiling .pio/build/simulator/lib46f/PNGdec/inflate.o
Archiving .pio/build/simulator/libee7/libNearbyTransfer.a
Compiling .pio/build/simulator/lib46f/PNGdec/inftrees.o
Indexing .pio/build/simulator/libee7/libNearbyTransfer.a
Compiling .pio/build/simulator/lib46f/PNGdec/s3_simd_rgb565.o
Compiling .pio/build/simulator/lib46f/PNGdec/zutil.o
Compiling .pio/build/simulator/lib6ff/JPEGDEC/JPEGDEC.o
Compiling .pio/build/simulator/lib6ff/JPEGDEC/s3_simd_420.o
Compiling .pio/build/simulator/lib6ff/JPEGDEC/s3_simd_444.o
Compiling .pio/build/simulator/lib6ff/JPEGDEC/s3_simd_dequant.o
Archiving .pio/build/simulator/lib46f/libPNGdec.a
Compiling .pio/build/simulator/lib1dc/Serialization/ObfuscationUtils.o
Indexing .pio/build/simulator/lib46f/libPNGdec.a
Compiling .pio/build/simulator/lib1dc/Serialization/PersistableStore.o
Compiling .pio/build/simulator/libcc4/I18n/I18n.o
Compiling .pio/build/simulator/libcc4/I18n/I18nStrings.o
Compiling .pio/build/simulator/libb75/FsHelpers/FsHelpers.o
Compiling .pio/build/simulator/libb75/FsHelpers/NaturalSort.o
Compiling .pio/build/simulator/lib746/miniz/InflateStream.o
Compiling .pio/build/simulator/lib746/miniz/miniz_impl.o
Compiling .pio/build/simulator/lib170/ZipFile/ZipFile.o
Archiving .pio/build/simulator/lib6ff/libJPEGDEC.a
Compiling .pio/build/simulator/lib5db/expat/xmlparse.o
In file included from lib/miniz/src/miniz_impl.c:4:
lib/miniz/src/MinizConfig.h:13:9: warning: 'MINIZ_NO_ZLIB_COMPATIBLE_NAMES' macro redefined [-Wmacro-redefined]
   13 | #define MINIZ_NO_ZLIB_COMPATIBLE_NAMES
      |         ^
<command line>:13:9: note: previous definition is here
   13 | #define MINIZ_NO_ZLIB_COMPATIBLE_NAMES 1
      |         ^
Archiving .pio/build/simulator/libcc4/libI18n.a
Indexing .pio/build/simulator/lib6ff/libJPEGDEC.a
Archiving .pio/build/simulator/lib603/libsimulator.a
1 warning generated.
Indexing .pio/build/simulator/libcc4/libI18n.a
Compiling .pio/build/simulator/lib5db/expat/xmlrole.o
Compiling .pio/build/simulator/lib5db/expat/xmltok.o
Compiling .pio/build/simulator/lib336/JpegToBmpConverter/JpegToBmpConverter.o
Indexing .pio/build/simulator/lib603/libsimulator.a
Compiling .pio/build/simulator/lib93c/PngToBmpConverter/PngToBmpConverter.o
Compiling .pio/build/simulator/lib55a/Epub/Epub.o
Compiling .pio/build/simulator/lib55a/Epub/Epub/BookMetadataCache.o
Archiving .pio/build/simulator/lib5db/libexpat.a
Indexing .pio/build/simulator/lib5db/libexpat.a
Compiling .pio/build/simulator/lib55a/Epub/Epub/Page.o
Compiling .pio/build/simulator/lib55a/Epub/Epub/ParsedText.o
In file included from lib/miniz/src/InflateStream.cpp:10:
lib/miniz/src/MinizConfig.h:13:9: warning: 'MINIZ_NO_ZLIB_COMPATIBLE_NAMES' macro redefined [-Wmacro-redefined]
   13 | #define MINIZ_NO_ZLIB_COMPATIBLE_NAMES
      |         ^
<command line>:13:9: note: previous definition is here
   13 | #define MINIZ_NO_ZLIB_COMPATIBLE_NAMES 1
      |         ^
1 warning generated.
Archiving .pio/build/simulator/lib746/libminiz.a
Indexing .pio/build/simulator/lib746/libminiz.a
Archiving .pio/build/simulator/libb75/libFsHelpers.a
Compiling .pio/build/simulator/lib55a/Epub/Epub/Section.o
Archiving .pio/build/simulator/lib1dc/libSerialization.a
Indexing .pio/build/simulator/libb75/libFsHelpers.a
Indexing .pio/build/simulator/lib1dc/libSerialization.a
Compiling .pio/build/simulator/lib55a/Epub/Epub/blocks/ImageBlock.o
Archiving .pio/build/simulator/lib170/libZipFile.a
Archiving .pio/build/simulator/lib336/libJpegToBmpConverter.a
Compiling .pio/build/simulator/lib55a/Epub/Epub/blocks/TextBlock.o
Indexing .pio/build/simulator/lib170/libZipFile.a
Indexing .pio/build/simulator/lib336/libJpegToBmpConverter.a
Compiling .pio/build/simulator/lib55a/Epub/Epub/converters/ImageDecoderFactory.o
Compiling .pio/build/simulator/lib55a/Epub/Epub/converters/ImageDimsProbe.o
Archiving .pio/build/simulator/lib93c/libPngToBmpConverter.a
Indexing .pio/build/simulator/lib93c/libPngToBmpConverter.a
Compiling .pio/build/simulator/lib55a/Epub/Epub/converters/ImageToFramebufferDecoder.o
Compiling .pio/build/simulator/lib55a/Epub/Epub/converters/JpegToFramebufferConverter.o
Compiling .pio/build/simulator/lib55a/Epub/Epub/converters/PngToFramebufferConverter.o
Compiling .pio/build/simulator/lib55a/Epub/Epub/css/CssParser.o
Compiling .pio/build/simulator/lib55a/Epub/Epub/htmlEntities.o
Compiling .pio/build/simulator/lib55a/Epub/Epub/hyphenation/HyphenationCommon.o
Compiling .pio/build/simulator/lib55a/Epub/Epub/hyphenation/Hyphenator.o
Compiling .pio/build/simulator/lib55a/Epub/Epub/hyphenation/LanguageRegistry.o
Compiling .pio/build/simulator/lib55a/Epub/Epub/hyphenation/LiangHyphenation.o
Compiling .pio/build/simulator/lib55a/Epub/Epub/image/PxcV2.o
Compiling .pio/build/simulator/lib55a/Epub/Epub/parsers/ChapterHtmlSlimParser.o
Compiling .pio/build/simulator/lib55a/Epub/Epub/parsers/ContainerParser.o
Compiling .pio/build/simulator/lib55a/Epub/Epub/parsers/ContentOpfParser.o
Compiling .pio/build/simulator/lib55a/Epub/Epub/parsers/PreviewBlockLocator.o
Compiling .pio/build/simulator/lib55a/Epub/Epub/parsers/TocNavParser.o
Compiling .pio/build/simulator/lib55a/Epub/Epub/parsers/TocNcxParser.o
Compiling .pio/build/simulator/lib55a/Epub/Epub/tables/CompactTableLayout.o
Compiling .pio/build/simulator/lib3ed/Xtc/Xtc.o
Compiling .pio/build/simulator/lib3ed/Xtc/Xtc/XtcParser.o
Compiling .pio/build/simulator/lib325/Txt/Txt.o
Compiling .pio/build/simulator/lib35d/OpdsParser/OpdsParser.o
Compiling .pio/build/simulator/lib35d/OpdsParser/OpdsStream.o
Compiling .pio/build/simulator/lib668/KOReaderSync/ChapterXPathResolver.o
Compiling .pio/build/simulator/lib668/KOReaderSync/KOReaderCredentialStore.o
Compiling .pio/build/simulator/lib668/KOReaderSync/KOReaderDocumentId.o
Archiving .pio/build/simulator/lib325/libTxt.a
Compiling .pio/build/simulator/lib668/KOReaderSync/KOReaderSyncClient.o
Compiling .pio/build/simulator/lib668/KOReaderSync/ProgressMapper.o
Indexing .pio/build/simulator/lib325/libTxt.a
Archiving .pio/build/simulator/lib3ed/libXtc.a
Compiling .pio/build/simulator/lib8d0/DictHtmlRenderer/DictHtmlRenderer.o
Indexing .pio/build/simulator/lib3ed/libXtc.a
Compiling .pio/build/simulator/lib48f/FileIndex/FileIndex.o
Archiving .pio/build/simulator/lib35d/libOpdsParser.a
Indexing .pio/build/simulator/lib35d/libOpdsParser.a
Archiving .pio/build/simulator/lib55a/libEpub.a
Indexing .pio/build/simulator/lib55a/libEpub.a
Archiving .pio/build/simulator/lib48f/libFileIndex.a
Indexing .pio/build/simulator/lib48f/libFileIndex.a
Archiving .pio/build/simulator/lib8d0/libDictHtmlRenderer.a
Indexing .pio/build/simulator/lib8d0/libDictHtmlRenderer.a
Archiving .pio/build/simulator/lib668/libKOReaderSync.a
Indexing .pio/build/simulator/lib668/libKOReaderSync.a
Linking .pio/build/simulator/program
========================= [SUCCESS] Took 34.94 seconds =========================

Environment    Status    Duration
-------------  --------  ------------
simulator      SUCCESS   00:00:34.941
========================= 1 succeeded in 00:00:34.941 =========================
