Running simulator smoke test with isolated fs_: /var/folders/h9/qcmb2q1n1tv0vgdr93b298680000gn/T/crossink-sim-smoke-dcnk1kyj/fs_
[0] [INF] [BOOT] Reset diagnostic: reset=0(UNKNOWN) sleepWake=0(UNDEFINED)
[0] [INF] [MAIN] Hardware detect: X4
[0] [INF] [BOOT] Post-GPIO diagnostic: device=X4 usb=1 silentReboot=0 silentTarget=0
[0] [INF] [BOOT] Wake route: Other
[0] [INF] [BOOT] Other wake route: continuing boot
SIMRESOURCE mode=off calibrated=0 internal=1048576/1048576 largest=1048576 psram=0/0 largest=0
[0] [DBG] [BOOTMEM] storage ready: free=1048576 maxAlloc=1048576
[SIM] open failed: ./fs_/.pocketdeck-os/dictionary.bin (flags=0x0 errno=2 No such file or directory)
[0] [DBG] [UI] Using Lyra theme
[0] [DBG] [BOOTMEM] boot state ready: free=1048576 maxAlloc=1048576
[0] [DBG] [MAIN] Starting CrossInk version 1.6.0
[0] [INF] [MEM] Boot: heap free=1048576 total=1048576 min=1048576 maxAlloc=1048576
[1] [DBG] [ACT] Render task started with 16384-byte stack
[1] [DBG] [SDFS] SD font resolver ready; discovery deferred until requested
[1] [DBG] [BOOTMEM] display and selected fonts ready: free=1048576 maxAlloc=1048576
[1] [DBG] [ACT] Entering activity: Boot
[SIM] open failed: ./fs_/.bootscreen (flags=0x0 errno=2 No such file or directory)
[SIM] open failed: ./fs_/bootscreen (flags=0x0 errno=2 No such file or directory)
[3] [DBG] [ACT] Exiting activity: Boot
[3] [DBG] [ACT] Entering activity: Home
[SIM] open failed: ./fs_/.pocketdeck-os/global_stats.bin (flags=0x0 errno=2 No such file or directory)
[SIM] open failed: ./fs_/.pocketdeck-os/global_stats.bin.bak (flags=0x0 errno=2 No such file or directory)
[3] [DBG] [GSTATS] Global stats missing or corrupt, starting fresh
[SIM] open failed: ./fs_/.pocketdeck-os/synced_stats (flags=0x0 errno=2 No such file or directory)
[3] [INF] [SMOKE] Starting simulator smoke test
[4] [DBG] [CPS] Settings loaded from file
[4] [DBG] [CPS] Settings loaded from file
[4] [DBG] [CPS] Settings loaded from file
[4] [DBG] [CPS] Settings loaded from file
[4] [DBG] [CPS] Settings loaded from file
[4] [DBG] [CPS] Settings loaded from file
[5] [DBG] [CPS] Settings loaded from file
[5] [DBG] [CPS] Settings loaded from file
[6] [DBG] [CPS] Settings loaded from file
[6] [DBG] [CPS] Settings loaded from file
[6] [DBG] [CPS] Settings loaded from file
[6] [DBG] [CPS] Settings loaded from file
[7] [DBG] [CPS] Settings loaded from file
[7] [DBG] [CPS] Settings loaded from file
[7] [DBG] [CPS] Settings loaded from file
[8] [DBG] [CPS] Settings loaded from file
[8] [DBG] [CPS] Settings loaded from file
[8] [DBG] [UI] Using Lyra 3 Covers theme
[8] [INF] [SMOKE] Using theme index 2
[26] [DBG] [ACT] Exiting activity: Home
[26] [DBG] [ACT] Entering activity: Home
[SIM] open failed: ./fs_/.pocketdeck-os/global_stats.bin (flags=0x0 errno=2 No such file or directory)
[SIM] open failed: ./fs_/.pocketdeck-os/global_stats.bin.bak (flags=0x0 errno=2 No such file or directory)
[26] [DBG] [GSTATS] Global stats missing or corrupt, starting fresh
[SIM] open failed: ./fs_/.pocketdeck-os/synced_stats (flags=0x0 errno=2 No such file or directory)
[59] [INF] [SMOKE] Rendering Home
[91] [DBG] [ACT] Exiting activity: Home
[91] [DBG] [ACT] Entering activity: Tools
[118] [INF] [SMOKE] Rendering Tools
[152] [DBG] [ACT] Exiting activity: Tools
[152] [DBG] [ACT] Entering activity: DailyCommandCenter
[202] [INF] [SMOKE] Rendering Tools: Today
[241] [DBG] [ACT] Exiting activity: DailyCommandCenter
[241] [DBG] [ACT] Entering activity: Pomodoro
[273] [INF] [SMOKE] Rendering Tools: Pomodoro
[308] [DBG] [ACT] Exiting activity: Pomodoro
[308] [DBG] [ACT] Entering activity: WorldClock
[340] [INF] [SMOKE] Rendering Tools: World Clock
[369] [DBG] [ACT] Exiting activity: WorldClock
[369] [DBG] [ACT] Entering activity: HabitTracker
[396] [INF] [SMOKE] Rendering Tools: Habits
[433] [DBG] [ACT] Exiting activity: HabitTracker
[433] [DBG] [ACT] Entering activity: DailyQuote
[433] [INF] [KNF] No Kannada font at /tools/fonts/kannada.knf
[463] [INF] [SMOKE] Rendering Tools: Daily Quote
[493] [DBG] [ACT] Exiting activity: DailyQuote
[493] [DBG] [ACT] Entering activity: Knowledge
[493] [INF] [KNF] No Kannada font at /tools/fonts/kannada.knf
[525] [INF] [SMOKE] Rendering Tools: Knowledge Card
[557] [DBG] [ACT] Exiting activity: Knowledge
[557] [DBG] [ACT] Entering activity: Flashcards
[557] [INF] [KNF] No Kannada font at /tools/fonts/kannada.knf
[586] [INF] [SMOKE] Rendering Tools: Flashcards
[617] [DBG] [ACT] Exiting activity: Flashcards
[617] [DBG] [ACT] Entering activity: Panchanga
[618] [INF] [KNF] No Kannada font at /tools/fonts/kannada.knf
[656] [INF] [SMOKE] Rendering Tools: Panchanga
[693] [DBG] [ACT] Exiting activity: Panchanga
[693] [DBG] [ACT] Entering activity: FileBrowser
[723] [INF] [SMOKE] Rendering File Browser
[757] [DBG] [ACT] Exiting activity: FileBrowser
[757] [DBG] [ACT] Entering activity: RecentBooks
[785] [INF] [SMOKE] Rendering Recent Books
[814] [DBG] [ACT] Exiting activity: RecentBooks
[814] [DBG] [ACT] Entering activity: Settings
[SIM] open failed: ./fs_/.dictionaries (flags=0x0 errno=2 No such file or directory)
[SIM] open failed: ./fs_/dictionaries (flags=0x0 errno=2 No such file or directory)
[814] [DBG] [DREG] No dictionary directory found on SD card
[848] [INF] [SMOKE] Rendering Settings
[877] [DBG] [ACT] Exiting activity: Settings
[877] [DBG] [UI] Using Lyra 3 Covers theme
[877] [DBG] [ACT] Entering activity: ReaderOptions
[SIM] open failed: ./fs_/.dictionaries (flags=0x0 errno=2 No such file or directory)
[SIM] open failed: ./fs_/dictionaries (flags=0x0 errno=2 No such file or directory)
[877] [DBG] [DREG] No dictionary directory found on SD card
[909] [INF] [SMOKE] Rendering Reader Options
[943] [DBG] [ACT] Exiting activity: ReaderOptions
[943] [DBG] [ACT] Entering activity: EpubReaderMenu
[975] [INF] [SMOKE] Rendering Reader Menu
[994] [DBG] [ACT] Exiting activity: EpubReaderMenu
[994] [DBG] [ACT] Entering activity: Sleep
[1041] [INF] [SMOKE] Rendering Sleep
[1070] [DBG] [ACT] Exiting activity: Sleep
[1070] [DBG] [ACT] Entering activity: Reader
[SIM] open failed: ./fs_/.pocketdeck-os/epub_17960652168525209474/reader_settings.bin (flags=0x0 errno=2 No such file or directory)
[SIM] open failed: ./fs_/.pocketdeck-os/epub_17960652168525209474/book.bin (flags=0x0 errno=2 No such file or directory)
[1073] [DBG] [EBP] Cache not found, building spine/TOC cache
[1073] [DBG] [ZIP] Stream META-INF/container.xml: ok=1 lookup=37us read/inflate=12us write=45us bytes=252
[1074] [DBG] [COF] Using chunked manifest index for 8 items in 1 chunks (arena high-water=3856 bytes)
[1074] [DBG] [ZIP] Stream OEBPS/content.opf: ok=1 lookup=78us read/inflate=14us write=406us bytes=1301
[1074] [DBG] [ZIP] Stream OEBPS/nav.xhtml: ok=1 lookup=49us read/inflate=13us write=71us bytes=765
[1075] [DBG] [EBP] Total indexing completed in 2 ms
[1075] [DBG] [ZIP] Stream OEBPS/styles/test.css: ok=1 lookup=71us read/inflate=14us write=14us bytes=1219
[1078] [DBG] [EBP] Loaded 23 complete CSS style rules from 1/1 files
[1078] [DBG] [ACT] Exiting activity: Reader
[1078] [DBG] [ACT] Entering activity: EpubReader
[1078] [INF] [EPS] reader enter: internal free=1048576 max=1048576; psram free=0 max=0 total=0
[SIM] open failed: ./fs_/.pocketdeck-os/epub_17960652168525209474/stats_v5.bin (flags=0x0 errno=2 No such file or directory)
[SIM] open failed: ./fs_/.pocketdeck-os/epub_17960652168525209474/stats_v4.bin (flags=0x0 errno=2 No such file or directory)
[SIM] open failed: ./fs_/.pocketdeck-os/epub_17960652168525209474/stats.bin (flags=0x0 errno=2 No such file or directory)
[1078] [DBG] [ERS] Reading stats loaded: totalReadingSeconds=0 totalPagesTurned=0 avg=0 samples=0 cumulativeAvg=0
[SIM] open failed: ./fs_/.pocketdeck-os/global_stats.bin (flags=0x0 errno=2 No such file or directory)
[SIM] open failed: ./fs_/.pocketdeck-os/global_stats.bin.bak (flags=0x0 errno=2 No such file or directory)
[1078] [DBG] [GSTATS] Global stats missing or corrupt, starting fresh
[1078] [DBG] [ERS] Loading file: OEBPS/chapter1.xhtml, index: 0 (free=1048576, maxAlloc=1048576)
[SIM] open failed: ./fs_/.pocketdeck-os/epub_17960652168525209474/sections/0.bin (flags=0x0 errno=2 No such file or directory)
[1078] [DBG] [ERS] Cache not found, building... (free=1048576, maxAlloc=1048576)
[1081] [DBG] [SCT] Create section start: spine=0 mode=0 preview=0 viewport=464x761 image=0 focus=0 guide=0 free=1048576 maxAlloc=1048576
[1081] [INF] [EPS] section build start: internal free=1048576 max=1048576; psram free=0 max=0 total=0
[1082] [DBG] [ZIP] Stream OEBPS/chapter1.xhtml: ok=1 lookup=70us read/inflate=18us write=27us bytes=1330
[1082] [DBG] [CSS] Rule arena: bytes=3784 pool=internal psramReserve=131072; hydrated
[1083] [DBG] [CSS] Loaded 23 indexed rules + 0 descendant rules from complete cache
[1083] [DBG] [SCT] CSS cache load: ok=1 partial=0 rules=23 free=1048576->1048576 delta=0 maxAlloc=1048576->1048576 delta=0
[1085] [DBG] [EHP] Time to parse and build pages: 2 ms (free=1048576, maxAlloc=1048576)
[1086] [DBG] [SCT] Parser done: spine=0 success=1 pages=2 free=1048576 maxAlloc=1048576
[1086] [DBG] [ERS] primary section cache built: spine=0 font=-1806001351 mode=0 embedded=1 focus=0 guide=0 pages=2 free=1048576 maxAlloc=1048576 building=0
[1086] [DBG] [ERS] Cache build complete: pages=2 font=-1806001351 mode=0 free=1048576 maxAlloc=1048576
[1087] [DBG] [FDC] Prewarm: 11 glyphs in 847 bytes from 1 groups (0 missed)
[1087] [DBG] [FDC] Prewarm: 45 glyphs in 3241 bytes from 2 groups (0 missed)
[1090] [INF] [EPS] Grayscale strip scratch: bytes=8000 pool=default
[SIM] open failed: ./fs_/.pocketdeck-os/epub_17960652168525209474/sections/1.bin (flags=0x0 errno=2 No such file or directory)
[1101] [DBG] [ERS] Silently indexing next chapter: 1 (free=1048576, maxAlloc=1048576)
[1101] [DBG] [SCT] Create section start: spine=1 mode=0 preview=0 viewport=464x761 image=0 focus=0 guide=0 free=1048576 maxAlloc=1048576
[1101] [INF] [EPS] section build start: internal free=1048576 max=1048576; psram free=0 max=0 total=0
[1101] [DBG] [ZIP] Stream OEBPS/chapter2.xhtml: ok=1 lookup=84us read/inflate=24us write=41us bytes=2724
[1102] [DBG] [CSS] Rule arena: bytes=3784 pool=internal psramReserve=131072; hydrated
[1102] [DBG] [CSS] Loaded 23 indexed rules + 0 descendant rules from complete cache
[1102] [DBG] [SCT] CSS cache load: ok=1 partial=0 rules=23 free=1048576->1048576 delta=0 maxAlloc=1048576->1048576 delta=0
[1108] [DBG] [EHP] Time to parse and build pages: 6 ms (free=1048576, maxAlloc=1048576)
[1108] [DBG] [SCT] Parser done: spine=1 success=1 pages=4 free=1048576 maxAlloc=1048576
[1109] [DBG] [ERS] Silent indexing complete: chapter=1 pages=4 mode=0 free=1048576 maxAlloc=1048576
[1109] [DBG] [FDC] Prewarm: 11 glyphs in 847 bytes from 1 groups (0 missed)
[1110] [DBG] [FDC] Prewarm: 45 glyphs in 3241 bytes from 2 groups (0 missed)
[1183] [INF] [SMOKE] Rendering Reader
[1183] [DBG] [FDC] Prewarm: 11 glyphs in 847 bytes from 1 groups (0 missed)
[1184] [DBG] [FDC] Prewarm: 45 glyphs in 3241 bytes from 2 groups (0 missed)
[1187] [INF] [EPS] Grayscale strip scratch: bytes=8000 pool=default
[1214] [INF] [SMOKE] Running reader input script with 2 page turn(s)
[1257] [DBG] [FDC] Prewarm: 34 glyphs in 2295 bytes from 2 groups (0 missed)
[1312] [INF] [SMOKE] Rendering Reader after page forward
[1313] [DBG] [FDC] Prewarm: 34 glyphs in 2295 bytes from 2 groups (0 missed)
[1425] [INF] [SMOKE] Rendering Reader after page forward
[1426] [DBG] [FDC] Prewarm: 34 glyphs in 2295 bytes from 2 groups (0 missed)
[1460] [DBG] [ERS] Loading file: OEBPS/chapter2.xhtml, index: 1 (free=1048576, maxAlloc=1048576)
[1460] [DBG] [ERS] Cache found, skipping build... (pages=4, font=-1806001351 mode=0 free=1048576, maxAlloc=1048576)
[1461] [DBG] [FDC] Prewarm: 19 glyphs in 1432 bytes from 2 groups (0 missed)
[1461] [DBG] [FDC] Prewarm: 38 glyphs in 2843 bytes from 2 groups (0 missed)
[1464] [INF] [EPS] Grayscale strip scratch: bytes=8000 pool=default
[SIM] open failed: ./fs_/.pocketdeck-os/epub_17960652168525209474/reader_settings.bin (flags=0x0 errno=2 No such file or directory)
[SIM] open failed: ./fs_/.pocketdeck-os/epub_17960652168525209474/dictionary.bin (flags=0x0 errno=2 No such file or directory)
[SIM] open failed: ./fs_/.pocketdeck-os/dictionary.bin (flags=0x0 errno=2 No such file or directory)
[1479] [DBG] [ACT] Entering activity: EpubReaderMenu
[1535] [INF] [SMOKE] Rendering Reader Menu opened from EPUB
[1622] [INF] [SMOKE] Rendering Reader Menu Reader Options selection
[1671] [DBG] [ACT] Exiting activity: EpubReaderMenu
[1671] [DBG] [ACT] Entering activity: EpubReaderChapterSelection
[1723] [INF] [SMOKE] Rendering Reader Options opened from Reader Menu
[1811] [INF] [SMOKE] Rendering Reader Options after navigation
[1859] [DBG] [ACT] Exiting activity: EpubReaderChapterSelection
[1859] [DBG] [ERS] Loading file: OEBPS/chapter3.xhtml, index: 2 (free=1048576, maxAlloc=1048576)
[SIM] open failed: ./fs_/.pocketdeck-os/epub_17960652168525209474/sections/2.bin (flags=0x0 errno=2 No such file or directory)
[1859] [DBG] [ERS] Cache not found, building... (free=1048576, maxAlloc=1048576)
[1862] [DBG] [SCT] Create section start: spine=2 mode=0 preview=0 viewport=464x761 image=0 focus=0 guide=0 free=1048576 maxAlloc=1048576
[1862] [INF] [EPS] section build start: internal free=1048576 max=1048576; psram free=0 max=0 total=0
[1862] [DBG] [ZIP] Stream OEBPS/chapter3.xhtml: ok=1 lookup=75us read/inflate=20us write=44us bytes=2110
[1863] [DBG] [CSS] Rule arena: bytes=3784 pool=internal psramReserve=131072; hydrated
[1863] [DBG] [CSS] Loaded 23 indexed rules + 0 descendant rules from complete cache
[1863] [DBG] [SCT] CSS cache load: ok=1 partial=0 rules=23 free=1048576->1048576 delta=0 maxAlloc=1048576->1048576 delta=0
[1866] [DBG] [EHP] Time to parse and build pages: 3 ms (free=1048576, maxAlloc=1048576)
[1867] [DBG] [SCT] Parser done: spine=2 success=1 pages=3 free=1048576 maxAlloc=1048576
[1867] [DBG] [ERS] primary section cache built: spine=2 font=-1806001351 mode=0 embedded=1 focus=0 guide=0 pages=3 free=1048576 maxAlloc=1048576 building=0
[1867] [DBG] [ERS] Cache build complete: pages=3 font=-1806001351 mode=0 free=1048576 maxAlloc=1048576
[1868] [DBG] [FDC] Prewarm: 10 glyphs in 710 bytes from 1 groups (0 missed)
[1868] [DBG] [FDC] Prewarm: 7 glyphs in 407 bytes from 1 groups (0 missed)
[1869] [DBG] [FDC] Prewarm: 13 glyphs in 946 bytes from 1 groups (0 missed)
[1869] [DBG] [FDC] Prewarm: 31 glyphs in 2172 bytes from 2 groups (0 missed)
[1872] [INF] [EPS] Grayscale strip scratch: bytes=8000 pool=default
[1907] [INF] [SMOKE] Rendering Reader Options after toggle
[1908] [DBG] [FDC] Prewarm: 10 glyphs in 710 bytes from 1 groups (0 missed)
[1909] [DBG] [FDC] Prewarm: 7 glyphs in 407 bytes from 1 groups (0 missed)
[1909] [DBG] [FDC] Prewarm: 13 glyphs in 946 bytes from 1 groups (0 missed)
[1909] [DBG] [FDC] Prewarm: 31 glyphs in 2172 bytes from 2 groups (0 missed)
[1968] [INF] [EPS] reader exit after caches: internal free=1048576 max=1048576; psram free=0 max=0 total=0
[1968] [DBG] [ACT] Exiting activity: EpubReader
[1969] [DBG] [ACT] Entering activity: Home
[SIM] open failed: ./fs_/.pocketdeck-os/synced_stats (flags=0x0 errno=2 No such file or directory)
[2031] [INF] [SMOKE] Rendering Reader Menu after closing Reader Options
[2078] [DBG] [ACT] Exiting activity: Home
[2078] [DBG] [ACT] Entering activity: Reader
[SIM] open failed: ./fs_/.pocketdeck-os/epub_17960652168525209474/reader_settings.bin (flags=0x0 errno=2 No such file or directory)
[2079] [DBG] [ACT] Exiting activity: Reader
[2079] [DBG] [ACT] Entering activity: EpubReader
[2079] [INF] [EPS] reader enter: internal free=1048576 max=1048576; psram free=0 max=0 total=0
[2079] [DBG] [ERS] Reading stats loaded: totalReadingSeconds=0 totalPagesTurned=0 avg=0 samples=0 cumulativeAvg=0
[2079] [DBG] [ERS] Loading file: OEBPS/chapter3.xhtml, index: 2 (free=1048576, maxAlloc=1048576)
[2079] [DBG] [ERS] Cache found, skipping build... (pages=3, font=-1806001351 mode=0 free=1048576, maxAlloc=1048576)
[2079] [DBG] [ERS] Resolved visible text offset 0 to page 0
[2080] [DBG] [FDC] Prewarm: 10 glyphs in 710 bytes from 1 groups (0 missed)
[2080] [DBG] [FDC] Prewarm: 7 glyphs in 407 bytes from 1 groups (0 missed)
[2080] [DBG] [FDC] Prewarm: 13 glyphs in 946 bytes from 1 groups (0 missed)
[2081] [DBG] [FDC] Prewarm: 31 glyphs in 2172 bytes from 2 groups (0 missed)
[2084] [INF] [EPS] Grayscale strip scratch: bytes=8000 pool=default
[2134] [INF] [SMOKE] Rendering Reader after closing Reader Menu
[2135] [DBG] [FDC] Prewarm: 10 glyphs in 710 bytes from 1 groups (0 missed)
[2135] [DBG] [FDC] Prewarm: 7 glyphs in 407 bytes from 1 groups (0 missed)
[2135] [DBG] [FDC] Prewarm: 13 glyphs in 946 bytes from 1 groups (0 missed)
[2136] [DBG] [FDC] Prewarm: 31 glyphs in 2172 bytes from 2 groups (0 missed)
[2178] [INF] [SMOKE] Simulator smoke test passed
