Running simulator smoke test with isolated fs_: /var/folders/h9/qcmb2q1n1tv0vgdr93b298680000gn/T/crossink-sim-smoke-3e1z91y9/fs_
[0] [INF] [BOOT] Reset diagnostic: reset=0(UNKNOWN) sleepWake=0(UNDEFINED)
[0] [INF] [MAIN] Hardware detect: X4
[0] [INF] [BOOT] Post-GPIO diagnostic: device=X4 usb=1 silentReboot=0 silentTarget=0
[0] [INF] [BOOT] Wake route: Other
[0] [INF] [BOOT] Other wake route: continuing boot
SIMRESOURCE mode=off calibrated=0 internal=1048576/1048576 largest=1048576 psram=0/0 largest=0
[0] [DBG] [BOOTMEM] storage ready: free=1048576 maxAlloc=1048576
[SIM] open failed: ./fs_/.crosspoint/dictionary.bin (flags=0x0 errno=2 No such file or directory)
[0] [DBG] [UI] Using Lyra theme
[0] [DBG] [BOOTMEM] boot state ready: free=1048576 maxAlloc=1048576
[0] [DBG] [MAIN] Starting CrossInk version 1.6.0
[0] [INF] [MEM] Boot: heap free=1048576 total=1048576 min=1048576 maxAlloc=1048576
[0] [DBG] [ACT] Render task started with 16384-byte stack
[0] [DBG] [SDFS] SD font resolver ready; discovery deferred until requested
[0] [DBG] [BOOTMEM] display and selected fonts ready: free=1048576 maxAlloc=1048576
[0] [DBG] [ACT] Entering activity: Boot
[SIM] open failed: ./fs_/.bootscreen (flags=0x0 errno=2 No such file or directory)
[SIM] open failed: ./fs_/bootscreen (flags=0x0 errno=2 No such file or directory)
[2] [DBG] [ACT] Exiting activity: Boot
[2] [DBG] [ACT] Entering activity: Home
[SIM] open failed: ./fs_/.crosspoint/global_stats.bin (flags=0x0 errno=2 No such file or directory)
[SIM] open failed: ./fs_/.crosspoint/global_stats.bin.bak (flags=0x0 errno=2 No such file or directory)
[2] [DBG] [GSTATS] Global stats missing or corrupt, starting fresh
[SIM] open failed: ./fs_/.crosspoint/synced_stats (flags=0x0 errno=2 No such file or directory)
[2] [INF] [SMOKE] Starting simulator smoke test
[3] [DBG] [CPS] Settings loaded from file
[3] [DBG] [CPS] Settings loaded from file
[3] [DBG] [CPS] Settings loaded from file
[3] [DBG] [CPS] Settings loaded from file
[3] [DBG] [CPS] Settings loaded from file
[3] [DBG] [CPS] Settings loaded from file
[4] [DBG] [CPS] Settings loaded from file
[4] [DBG] [CPS] Settings loaded from file
[4] [DBG] [CPS] Settings loaded from file
[4] [DBG] [CPS] Settings loaded from file
[5] [DBG] [CPS] Settings loaded from file
[5] [DBG] [CPS] Settings loaded from file
[6] [DBG] [CPS] Settings loaded from file
[6] [DBG] [CPS] Settings loaded from file
[6] [DBG] [CPS] Settings loaded from file
[7] [DBG] [CPS] Settings loaded from file
[7] [DBG] [CPS] Settings loaded from file
[7] [DBG] [UI] Using Dashboard theme
[7] [INF] [SMOKE] Using theme index 6
[24] [DBG] [ACT] Exiting activity: Home
[24] [DBG] [ACT] Entering activity: Home
[SIM] open failed: ./fs_/.crosspoint/global_stats.bin (flags=0x0 errno=2 No such file or directory)
[SIM] open failed: ./fs_/.crosspoint/global_stats.bin.bak (flags=0x0 errno=2 No such file or directory)
[24] [DBG] [GSTATS] Global stats missing or corrupt, starting fresh
[SIM] open failed: ./fs_/.crosspoint/synced_stats (flags=0x0 errno=2 No such file or directory)
[56] [INF] [SMOKE] Rendering Home
[86] [DBG] [ACT] Exiting activity: Home
[86] [DBG] [ACT] Entering activity: Tools
[118] [INF] [SMOKE] Rendering Tools
[151] [DBG] [ACT] Exiting activity: Tools
[151] [DBG] [ACT] Entering activity: DailyCommandCenter
[183] [INF] [SMOKE] Rendering Tools: Today
[217] [DBG] [ACT] Exiting activity: DailyCommandCenter
[217] [DBG] [ACT] Entering activity: Pomodoro
[246] [INF] [SMOKE] Rendering Tools: Pomodoro
[281] [DBG] [ACT] Exiting activity: Pomodoro
[281] [DBG] [ACT] Entering activity: WorldClock
[312] [INF] [SMOKE] Rendering Tools: World Clock
[342] [DBG] [ACT] Exiting activity: WorldClock
[342] [DBG] [ACT] Entering activity: HabitTracker
[373] [INF] [SMOKE] Rendering Tools: Habits
[404] [DBG] [ACT] Exiting activity: HabitTracker
[404] [DBG] [ACT] Entering activity: DailyQuote
[436] [INF] [SMOKE] Rendering Tools: Daily Quote
[467] [DBG] [ACT] Exiting activity: DailyQuote
[467] [DBG] [ACT] Entering activity: Knowledge
[498] [INF] [SMOKE] Rendering Tools: Knowledge Card
[531] [DBG] [ACT] Exiting activity: Knowledge
[531] [DBG] [ACT] Entering activity: Flashcards
[562] [INF] [SMOKE] Rendering Tools: Flashcards
[592] [DBG] [ACT] Exiting activity: Flashcards
[592] [DBG] [ACT] Entering activity: Panchanga
[625] [INF] [SMOKE] Rendering Tools: Panchanga
[658] [DBG] [ACT] Exiting activity: Panchanga
[658] [DBG] [ACT] Entering activity: FileBrowser
[689] [INF] [SMOKE] Rendering File Browser
[721] [DBG] [ACT] Exiting activity: FileBrowser
[721] [DBG] [ACT] Entering activity: RecentBooks
[751] [INF] [SMOKE] Rendering Recent Books
[785] [DBG] [ACT] Exiting activity: RecentBooks
[785] [DBG] [ACT] Entering activity: Settings
[SIM] open failed: ./fs_/.dictionaries (flags=0x0 errno=2 No such file or directory)
[SIM] open failed: ./fs_/dictionaries (flags=0x0 errno=2 No such file or directory)
[785] [DBG] [DREG] No dictionary directory found on SD card
[814] [INF] [SMOKE] Rendering Settings
[850] [DBG] [ACT] Exiting activity: Settings
[850] [DBG] [UI] Using Dashboard theme
[850] [DBG] [ACT] Entering activity: ReaderOptions
[SIM] open failed: ./fs_/.dictionaries (flags=0x0 errno=2 No such file or directory)
[SIM] open failed: ./fs_/dictionaries (flags=0x0 errno=2 No such file or directory)
[850] [DBG] [DREG] No dictionary directory found on SD card
[883] [INF] [SMOKE] Rendering Reader Options
[917] [DBG] [ACT] Exiting activity: ReaderOptions
[917] [DBG] [ACT] Entering activity: EpubReaderMenu
[946] [INF] [SMOKE] Rendering Reader Menu
[968] [DBG] [ACT] Exiting activity: EpubReaderMenu
[968] [DBG] [ACT] Entering activity: Sleep
[1014] [INF] [SMOKE] Rendering Sleep
[1042] [DBG] [ACT] Exiting activity: Sleep
[1042] [DBG] [ACT] Entering activity: Reader
[SIM] open failed: ./fs_/.crosspoint/epub_17960652168525209474/reader_settings.bin (flags=0x0 errno=2 No such file or directory)
[SIM] open failed: ./fs_/.crosspoint/epub_17960652168525209474/book.bin (flags=0x0 errno=2 No such file or directory)
[1045] [DBG] [EBP] Cache not found, building spine/TOC cache
[1046] [DBG] [ZIP] Stream META-INF/container.xml: ok=1 lookup=78us read/inflate=27us write=81us bytes=252
[1047] [DBG] [COF] Using chunked manifest index for 8 items in 1 chunks (arena high-water=3856 bytes)
[1048] [DBG] [ZIP] Stream OEBPS/content.opf: ok=1 lookup=180us read/inflate=32us write=1147us bytes=1301
[1048] [DBG] [ZIP] Stream OEBPS/nav.xhtml: ok=1 lookup=42us read/inflate=18us write=69us bytes=765
[1049] [DBG] [EBP] Total indexing completed in 3 ms
[1049] [DBG] [ZIP] Stream OEBPS/styles/test.css: ok=1 lookup=68us read/inflate=13us write=21us bytes=1219
[1051] [DBG] [EBP] Loaded 23 complete CSS style rules from 1/1 files
[1052] [DBG] [ACT] Exiting activity: Reader
[1052] [DBG] [ACT] Entering activity: EpubReader
[1052] [INF] [EPS] reader enter: internal free=1048576 max=1048576; psram free=0 max=0 total=0
[SIM] open failed: ./fs_/.crosspoint/epub_17960652168525209474/stats_v5.bin (flags=0x0 errno=2 No such file or directory)
[SIM] open failed: ./fs_/.crosspoint/epub_17960652168525209474/stats_v4.bin (flags=0x0 errno=2 No such file or directory)
[SIM] open failed: ./fs_/.crosspoint/epub_17960652168525209474/stats.bin (flags=0x0 errno=2 No such file or directory)
[1052] [DBG] [ERS] Reading stats loaded: totalReadingSeconds=0 totalPagesTurned=0 avg=0 samples=0 cumulativeAvg=0
[SIM] open failed: ./fs_/.crosspoint/global_stats.bin (flags=0x0 errno=2 No such file or directory)
[SIM] open failed: ./fs_/.crosspoint/global_stats.bin.bak (flags=0x0 errno=2 No such file or directory)
[1052] [DBG] [GSTATS] Global stats missing or corrupt, starting fresh
[1052] [DBG] [ERS] Loading file: OEBPS/chapter1.xhtml, index: 0 (free=1048576, maxAlloc=1048576)
[SIM] open failed: ./fs_/.crosspoint/epub_17960652168525209474/sections/0.bin (flags=0x0 errno=2 No such file or directory)
[1052] [DBG] [ERS] Cache not found, building... (free=1048576, maxAlloc=1048576)
[1057] [DBG] [SCT] Create section start: spine=0 mode=0 preview=0 viewport=464x761 image=0 focus=0 guide=0 free=1048576 maxAlloc=1048576
[1057] [INF] [EPS] section build start: internal free=1048576 max=1048576; psram free=0 max=0 total=0
[1058] [DBG] [ZIP] Stream OEBPS/chapter1.xhtml: ok=1 lookup=100us read/inflate=28us write=24us bytes=1330
[1058] [DBG] [CSS] Rule arena: bytes=3784 pool=internal psramReserve=131072; hydrated
[1059] [DBG] [CSS] Loaded 23 indexed rules + 0 descendant rules from complete cache
[1059] [DBG] [SCT] CSS cache load: ok=1 partial=0 rules=23 free=1048576->1048576 delta=0 maxAlloc=1048576->1048576 delta=0
[1062] [DBG] [EHP] Time to parse and build pages: 3 ms (free=1048576, maxAlloc=1048576)
[1063] [DBG] [SCT] Parser done: spine=0 success=1 pages=2 free=1048576 maxAlloc=1048576
[1064] [DBG] [ERS] primary section cache built: spine=0 font=-1806001351 mode=0 embedded=1 focus=0 guide=0 pages=2 free=1048576 maxAlloc=1048576 building=0
[1064] [DBG] [ERS] Cache build complete: pages=2 font=-1806001351 mode=0 free=1048576 maxAlloc=1048576
[1064] [DBG] [FDC] Prewarm: 11 glyphs in 847 bytes from 1 groups (0 missed)
[1065] [DBG] [FDC] Prewarm: 45 glyphs in 3241 bytes from 2 groups (0 missed)
[1069] [INF] [EPS] Grayscale strip scratch: bytes=8000 pool=default
[SIM] open failed: ./fs_/.crosspoint/epub_17960652168525209474/sections/1.bin (flags=0x0 errno=2 No such file or directory)
[1083] [DBG] [ERS] Silently indexing next chapter: 1 (free=1048576, maxAlloc=1048576)
[1083] [DBG] [SCT] Create section start: spine=1 mode=0 preview=0 viewport=464x761 image=0 focus=0 guide=0 free=1048576 maxAlloc=1048576
[1083] [INF] [EPS] section build start: internal free=1048576 max=1048576; psram free=0 max=0 total=0
[1083] [DBG] [ZIP] Stream OEBPS/chapter2.xhtml: ok=1 lookup=88us read/inflate=25us write=32us bytes=2724
[1084] [DBG] [CSS] Rule arena: bytes=3784 pool=internal psramReserve=131072; hydrated
[1084] [DBG] [CSS] Loaded 23 indexed rules + 0 descendant rules from complete cache
[1084] [DBG] [SCT] CSS cache load: ok=1 partial=0 rules=23 free=1048576->1048576 delta=0 maxAlloc=1048576->1048576 delta=0
[1091] [DBG] [EHP] Time to parse and build pages: 7 ms (free=1048576, maxAlloc=1048576)
[1091] [DBG] [SCT] Parser done: spine=1 success=1 pages=4 free=1048576 maxAlloc=1048576
[1092] [DBG] [ERS] Silent indexing complete: chapter=1 pages=4 mode=0 free=1048576 maxAlloc=1048576
[1092] [DBG] [FDC] Prewarm: 11 glyphs in 847 bytes from 1 groups (0 missed)
[1093] [DBG] [FDC] Prewarm: 45 glyphs in 3241 bytes from 2 groups (0 missed)
[1153] [INF] [SMOKE] Rendering Reader
[1154] [DBG] [FDC] Prewarm: 11 glyphs in 847 bytes from 1 groups (0 missed)
[1154] [DBG] [FDC] Prewarm: 45 glyphs in 3241 bytes from 2 groups (0 missed)
[1157] [INF] [EPS] Grayscale strip scratch: bytes=8000 pool=default
[1185] [INF] [SMOKE] Running reader input script with 2 page turn(s)
[1225] [DBG] [FDC] Prewarm: 34 glyphs in 2295 bytes from 2 groups (0 missed)
[1286] [INF] [SMOKE] Rendering Reader after page forward
[1286] [DBG] [FDC] Prewarm: 34 glyphs in 2295 bytes from 2 groups (0 missed)
[1398] [INF] [SMOKE] Rendering Reader after page forward
[1399] [DBG] [FDC] Prewarm: 34 glyphs in 2295 bytes from 2 groups (0 missed)
[1433] [DBG] [ERS] Loading file: OEBPS/chapter2.xhtml, index: 1 (free=1048576, maxAlloc=1048576)
[1433] [DBG] [ERS] Cache found, skipping build... (pages=4, font=-1806001351 mode=0 free=1048576, maxAlloc=1048576)
[1434] [DBG] [FDC] Prewarm: 19 glyphs in 1432 bytes from 2 groups (0 missed)
[1434] [DBG] [FDC] Prewarm: 38 glyphs in 2843 bytes from 2 groups (0 missed)
[1438] [INF] [EPS] Grayscale strip scratch: bytes=8000 pool=default
[SIM] open failed: ./fs_/.crosspoint/epub_17960652168525209474/reader_settings.bin (flags=0x0 errno=2 No such file or directory)
[SIM] open failed: ./fs_/.crosspoint/epub_17960652168525209474/dictionary.bin (flags=0x0 errno=2 No such file or directory)
[SIM] open failed: ./fs_/.crosspoint/dictionary.bin (flags=0x0 errno=2 No such file or directory)
[1451] [DBG] [ACT] Entering activity: EpubReaderMenu
[1510] [INF] [SMOKE] Rendering Reader Menu opened from EPUB
[1598] [INF] [SMOKE] Rendering Reader Menu Reader Options selection
[1644] [DBG] [ACT] Exiting activity: EpubReaderMenu
[1645] [DBG] [ACT] Entering activity: EpubReaderChapterSelection
[1703] [INF] [SMOKE] Rendering Reader Options opened from Reader Menu
[1794] [INF] [SMOKE] Rendering Reader Options after navigation
[1842] [DBG] [ACT] Exiting activity: EpubReaderChapterSelection
[1842] [DBG] [ERS] Loading file: OEBPS/chapter3.xhtml, index: 2 (free=1048576, maxAlloc=1048576)
[SIM] open failed: ./fs_/.crosspoint/epub_17960652168525209474/sections/2.bin (flags=0x0 errno=2 No such file or directory)
[1842] [DBG] [ERS] Cache not found, building... (free=1048576, maxAlloc=1048576)
[1845] [DBG] [SCT] Create section start: spine=2 mode=0 preview=0 viewport=464x761 image=0 focus=0 guide=0 free=1048576 maxAlloc=1048576
[1845] [INF] [EPS] section build start: internal free=1048576 max=1048576; psram free=0 max=0 total=0
[1845] [DBG] [ZIP] Stream OEBPS/chapter3.xhtml: ok=1 lookup=119us read/inflate=34us write=47us bytes=2110
[1846] [DBG] [CSS] Rule arena: bytes=3784 pool=internal psramReserve=131072; hydrated
[1847] [DBG] [CSS] Loaded 23 indexed rules + 0 descendant rules from complete cache
[1847] [DBG] [SCT] CSS cache load: ok=1 partial=0 rules=23 free=1048576->1048576 delta=0 maxAlloc=1048576->1048576 delta=0
[1851] [DBG] [EHP] Time to parse and build pages: 4 ms (free=1048576, maxAlloc=1048576)
[1853] [DBG] [SCT] Parser done: spine=2 success=1 pages=3 free=1048576 maxAlloc=1048576
[1853] [DBG] [ERS] primary section cache built: spine=2 font=-1806001351 mode=0 embedded=1 focus=0 guide=0 pages=3 free=1048576 maxAlloc=1048576 building=0
[1853] [DBG] [ERS] Cache build complete: pages=3 font=-1806001351 mode=0 free=1048576 maxAlloc=1048576
[1854] [DBG] [FDC] Prewarm: 10 glyphs in 710 bytes from 1 groups (0 missed)
[1854] [DBG] [FDC] Prewarm: 7 glyphs in 407 bytes from 1 groups (0 missed)
[1855] [DBG] [FDC] Prewarm: 13 glyphs in 946 bytes from 1 groups (0 missed)
[1855] [DBG] [FDC] Prewarm: 31 glyphs in 2172 bytes from 2 groups (0 missed)
[1860] [INF] [EPS] Grayscale strip scratch: bytes=8000 pool=default
[1889] [INF] [SMOKE] Rendering Reader Options after toggle
[1890] [DBG] [FDC] Prewarm: 10 glyphs in 710 bytes from 1 groups (0 missed)
[1890] [DBG] [FDC] Prewarm: 7 glyphs in 407 bytes from 1 groups (0 missed)
[1890] [DBG] [FDC] Prewarm: 13 glyphs in 946 bytes from 1 groups (0 missed)
[1891] [DBG] [FDC] Prewarm: 31 glyphs in 2172 bytes from 2 groups (0 missed)
[1949] [INF] [EPS] reader exit after caches: internal free=1048576 max=1048576; psram free=0 max=0 total=0
[1950] [DBG] [ACT] Exiting activity: EpubReader
[1951] [DBG] [ACT] Entering activity: Home
[SIM] open failed: ./fs_/.crosspoint/synced_stats (flags=0x0 errno=2 No such file or directory)
[2011] [INF] [SMOKE] Rendering Reader Menu after closing Reader Options
[2110] [INF] [SMOKE] Rendering Reader after closing Reader Menu
[2143] [INF] [SMOKE] Simulator smoke test passed
