lib ['exit', '0'] 11 shots of 11
lib2 ['exit', '0'] 2 shots of 2
lib3 ['exit', '0'] 4 shots of 4
bookmarks ['exit', '0'] 14 shots of 14
boot ['exit', '0'] 1 shots of 1
transfer ['exit', '0'] 1 shots of 1
settings ['exit', '0'] 8 shots of 8
tools_menu ['exit', '0'] 1 shots of 1
pomodoro ['exit', '0'] 7 shots of 7
pomodoro_ring ['exit', '0'] 3 shots of 3
worldclock ['exit', '0'] 2 shots of 2
worldclock_cities ['exit', '0'] 4 shots of 4
habits ['exit', '0'] 9 shots of 9
medicine ['exit', '0'] 8 shots of 8
mood ['exit', '0'] 5 shots of 5
stats ['exit', '0'] 4 shots of 4
stats_import ['exit', '0'] 2 shots of 2
panchanga_en ['exit', '0'] 4 shots of 4
flashcards ['exit', '0'] 10 shots of 10
quote ['exit', '0'] 6 shots of 6
knowledge ['exit', '0'] 9 shots of 9
panchanga ['exit', '0'] 5 shots of 5
today ['exit', '0'] 4 shots of 4
reader_tilt ['exit', '0'] 3 shots of 3
carousel_nostats ['exit', '0'] 1 shots of 1
carousel_browse ['exit', '0'] 2 shots of 2
sleep_settings ['exit', '0'] 5 shots of 5
display_settings ['exit', '0'] 1 shots of 1
theme_classic_home ['exit', '0'] 1 shots of 1
theme_classic_tools ['exit', '0'] 1 shots of 1
theme_classic_settings ['exit', '0'] 1 shots of 1
theme_lyra_home ['exit', '0'] 1 shots of 1
theme_lyra_tools ['exit', '0'] 1 shots of 1
theme_lyra_settings ['exit', '0'] 1 shots of 1
theme_lyra-extended_home ['exit', '0'] 1 shots of 1
theme_lyra-extended_tools ['exit', '0'] 1 shots of 1
theme_lyra-extended_settings ['exit', '0'] 1 shots of 1
theme_roundedraff_home ['exit', '0'] 1 shots of 1
theme_roundedraff_tools ['exit', '0'] 1 shots of 1
theme_roundedraff_settings ['exit', '0'] 1 shots of 1
theme_lyra-carousel_home ['exit', '0'] 1 shots of 1
theme_lyra-carousel_tools ['exit', '0'] 1 shots of 1
theme_lyra-carousel_settings ['exit', '0'] 1 shots of 1
theme_minimal_home ['exit', '0'] 1 shots of 1
theme_minimal_tools ['exit', '0'] 1 shots of 1
theme_minimal_settings ['exit', '0'] 1 shots of 1
theme_dashboard_home ['exit', '0'] 1 shots of 1
theme_dashboard_tools ['exit', '0'] 1 shots of 1
theme_dashboard_settings ['exit', '0'] 1 shots of 1
theme_pocketdeck_home ['exit', '0'] 1 shots of 1
theme_pocketdeck_tools ['exit', '0'] 1 shots of 1
theme_pocketdeck_settings ['exit', '0'] 1 shots of 1
sleep_light-default ['exit', '0'] 1 shots of 1
sleep_dark ['exit', '0'] 1 shots of 1
sleep_page-overlay ['exit', '0'] 1 shots of 1
sleep_book-cover ['exit', '0'] 1 shots of 1
sleep_reading-stats ['exit', '0'] 1 shots of 1
sleep_minimal ['exit', '0'] 1 shots of 1
sleep_minimal-stats ['exit', '0'] 1 shots of 1
sleep_dashboard ['exit', '0'] 1 shots of 1
sleep_custom_jpg ['exit', '0'] 1 shots of 1
sleep_custom_bmp ['exit', '0'] 1 shots of 1
